// Jest Snapshot v1, https://goo.gl/fbAQLP

exports[`<Portal /> render equals snapshot 1`] = `
<div
  data-testid="ut-front-test"
>
  <div
    class="p-d-flex p-flex-column"
    style="height: 768px;"
  >
    <div
      class="Portal-headerContainer-1"
    >
      <div
        class="p-d-flex p-ai-center p-jc-center"
      >
        <div
          class="Portal-headerLogo-3"
        />
        <div
          class="Portal-headerTitle-2"
        >
          <span>
            Administration Portal
          </span>
        </div>
        <div
          class="p-menubar p-component Portal-menuGrow-5"
        >
          <a
            class="p-menubar-button"
            href="#"
            role="button"
            tabindex="0"
          >
            <i
              class="pi pi-bars"
            />
          </a>
          <ul
            class="p-menubar-root-list"
            role="menubar"
          />
        </div>
        <div
          class="p-menubar p-component Portal-menu-6"
        >
          <a
            class="p-menubar-button"
            href="#"
            role="button"
            tabindex="0"
          >
            <i
              class="pi pi-bars"
            />
          </a>
          <ul
            class="p-menubar-root-list"
            role="menubar"
          >
            <li
              class="p-menuitem"
              role="none"
            >
              <a
                aria-haspopup="true"
                class="p-menuitem-link"
                href="#"
                role="menuitem"
              >
                <span
                  class="p-menuitem-icon user"
                />
                <span
                  class="p-menuitem-text"
                >
                  N/A
                </span>
                <span
                  class="p-submenu-icon pi pi-angle-down"
                />
              </a>
              <ul
                class="p-submenu-list"
                role="menu"
              >
                <li
                  class="p-menuitem"
                  role="none"
                >
                  <a
                    aria-haspopup="false"
                    class="p-menuitem-link"
                    href="#"
                    role="menuitem"
                  >
                    <span
                      class="p-menuitem-text"
                    >
                      Logout
                    </span>
                  </a>
                </li>
              </ul>
            </li>
          </ul>
        </div>
      </div>
    </div>
    <div
      class="p-tabview p-component Portal-tabs-4"
    >
      <ul
        class="p-tabview-nav"
        role="tablist"
      >
        <li
          class="p-tabview-ink-bar"
          style="width: 0px;"
        />
      </ul>
      <div
        class="p-tabview-panels"
      />
    </div>
  </div>
</div>
`;
