// Jest Snapshot v1, https://goo.gl/fbAQLP

exports[`<Form /> Input render equals snapshot 1`] = `
<div
  data-testid="ut-front-test"
>
  <div
    class="flex"
    style="overflow-x: hidden; width: 100%;"
  >
    <div
      class="grid col align-self-start form-0-2-1"
    >
      <div
        class="col-12 xl:col-4"
      >
        <div
          class="w-full"
        >
          <div
            class="p-card p-component card card-0-2-2"
            id="left"
          >
            <div
              class="p-card-body"
            >
              <div
                class="p-card-content"
              >
                <div
                  class=""
                >
                  <div
                    class="field grid"
                  >
                    <label
                      class="col-12 md:col-4"
                      for="input-input"
                    >
                      Input
                    </label>
                    <div
                      class="flex align-items-center relative col-12 md:col-8"
                    >
                      <input
                        class="p-inputtext p-component p-filled w-full"
                        id="input-input"
                        name="input.input"
                        type="text"
                        value="input"
                      />
                    </div>
                  </div>
                  <div
                    class="field grid"
                  >
                    <label
                      class="col-12 md:col-4"
                      for="input-password"
                    >
                      Password
                    </label>
                    <div
                      class="flex align-items-center relative col-12 md:col-8"
                    >
                      <div
                        class="p-password p-component p-inputwrapper p-inputwrapper-filled w-full"
                        id="input-password"
                      >
                        <input
                          class="p-inputtext p-component p-filled p-password-input w-full"
                          id="input-password"
                          name="input.password"
                          role="textbox"
                          type="password"
                          value="123"
                        />
                      </div>
                    </div>
                  </div>
                  <div
                    class="field grid"
                  >
                    <label
                      class="col-12 md:col-4"
                      for="input-text"
                    >
                      Text
                    </label>
                    <div
                      class="flex align-items-center relative col-12 md:col-8"
                    >
                      <textarea
                        class="p-inputtextarea p-inputtext p-component p-filled w-full"
                        id="input-text"
                        name="input.text"
                      >
                        text
                      </textarea>
                    </div>
                  </div>
                  <div
                    class="field grid"
                  >
                    <label
                      class="col-12 md:col-4"
                      for="input-mask"
                    >
                      Mask
                    </label>
                    <div
                      class="flex align-items-center relative col-12 md:col-8"
                    >
                      <input
                        class="p-inputtext p-component p-inputmask w-full"
                        id="input-mask"
                        name="input.mask"
                        type="text"
                      />
                    </div>
                  </div>
                  <div
                    class="field grid"
                  >
                    <label
                      class="col-12 md:col-4"
                      for="input-chips"
                    >
                      Chips
                    </label>
                    <div
                      class="flex align-items-center relative col-12 md:col-8"
                    >
                      <div
                        class="p-chips p-component p-inputwrapper w-full"
                        id="input-chips"
                      >
                        <ul
                          class="p-inputtext p-chips-multiple-container"
                        >
                          <li
                            class="p-chips-input-token"
                          >
                            <input
                              name="input.chips"
                              type="text"
                            />
                          </li>
                        </ul>
                      </div>
                    </div>
                  </div>
                  <div
                    class="field grid"
                  >
                    <label
                      class="col-12 md:col-4"
                      for="input-autocomplete"
                    >
                      Autocomplete
                    </label>
                    <div
                      class="flex align-items-center relative col-12 md:col-8"
                    >
                      <span
                        class="p-autocomplete p-component p-inputwrapper w-full"
                        data-testid="input-autocomplete"
                        id="input-autocomplete"
                      >
                        <input
                          aria-autocomplete="list"
                          aria-expanded="false"
                          aria-haspopup="listbox"
                          autocomplete="off"
                          class="p-inputtext p-component p-autocomplete-input w-full"
                          maxlength="34"
                          name="input.autocomplete"
                          role="combobox"
                          type="text"
                          value=""
                        />
                      </span>
                    </div>
                  </div>
                  <div
                    class="field grid"
                  >
                    <label
                      class="col-12 md:col-4"
                      for="input-boolean"
                    >
                      Boolean
                    </label>
                    <div
                      class="flex align-items-center relative col-12 md:col-8"
                    >
                      <div
                        class="p-checkbox p-component p-checkbox-checked"
                        data-testid="input-boolean"
                        id="input-boolean"
                      >
                        <div
                          class="p-hidden-accessible"
                        >
                          <input
                            checked=""
                            id="input-boolean"
                            name="input.boolean"
                            type="checkbox"
                          />
                        </div>
                        <div
                          class="p-checkbox-box p-highlight"
                        >
                          <span
                            class="p-checkbox-icon p-c pi pi-check"
                          />
                        </div>
                      </div>
                    </div>
                  </div>
                  <div
                    class="field grid"
                  >
                    <label
                      class="col-12 md:col-4"
                      for="input-date"
                    >
                      Date
                    </label>
                    <div
                      class="flex align-items-center relative col-12 md:col-8"
                    >
                      <span
                        class="p-calendar p-component p-inputwrapper w-full p-calendar-w-btn p-calendar-w-btn-right p-inputwrapper-filled"
                        id="input-date"
                      >
                        <input
                          autocomplete="off"
                          class="p-inputtext p-component p-filled"
                          id="input-date"
                          inputmode="none"
                          name="input.date"
                          type="text"
                        />
                        <button
                          class="p-button p-component p-datepicker-trigger p-button-icon-only"
                          tabindex="-1"
                          type="button"
                        >
                          <span
                            class="p-button-icon p-c pi pi-calendar"
                          />
                          <span
                            class="p-button-label p-c"
                          >
                             
                          </span>
                        </button>
                      </span>
                    </div>
                  </div>
                  <div
                    class="field grid"
                  >
                    <label
                      class="col-12 md:col-4"
                      for="input-time"
                    >
                      Time
                    </label>
                    <div
                      class="flex align-items-center relative col-12 md:col-8"
                    >
                      <span
                        class="p-calendar p-component p-inputwrapper w-full p-calendar-w-btn p-calendar-w-btn-right p-calendar-timeonly p-inputwrapper-filled"
                        id="input-time"
                      >
                        <input
                          autocomplete="off"
                          class="p-inputtext p-component p-filled"
                          id="input-time"
                          inputmode="none"
                          name="input.time"
                          type="text"
                        />
                        <button
                          class="p-button p-component p-datepicker-trigger p-button-icon-only"
                          tabindex="-1"
                          type="button"
                        >
                          <span
                            class="p-button-icon p-c pi pi-calendar"
                          />
                          <span
                            class="p-button-label p-c"
                          >
                             
                          </span>
                        </button>
                      </span>
                    </div>
                  </div>
                  <div
                    class="field grid"
                  >
                    <label
                      class="col-12 md:col-4"
                      for="input-datetime"
                    >
                      Datetime
                    </label>
                    <div
                      class="flex align-items-center relative col-12 md:col-8"
                    >
                      <span
                        class="p-calendar p-component p-inputwrapper w-full p-calendar-w-btn p-calendar-w-btn-right p-inputwrapper-filled"
                        id="input-datetime"
                      >
                        <input
                          autocomplete="off"
                          class="p-inputtext p-component p-filled"
                          id="input-datetime"
                          inputmode="none"
                          name="input.datetime"
                          type="text"
                        />
                        <button
                          class="p-button p-component p-datepicker-trigger p-button-icon-only"
                          tabindex="-1"
                          type="button"
                        >
                          <span
                            class="p-button-icon p-c pi pi-calendar"
                          />
                          <span
                            class="p-button-label p-c"
                          >
                             
                          </span>
                        </button>
                      </span>
                    </div>
                  </div>
                  <div
                    class="field grid"
                  >
                    <label
                      class="col-12 md:col-4"
                      for="input-daterange"
                    >
                      Daterange
                    </label>
                    <div
                      class="flex align-items-center relative col-12 md:col-8"
                    >
                      <span
                        class="p-calendar p-component p-inputwrapper w-full p-calendar-w-btn p-calendar-w-btn-right"
                        id="input-daterange"
                      >
                        <input
                          autocomplete="off"
                          class="p-inputtext p-component"
                          id="input-daterange"
                          inputmode="none"
                          name="input.daterange"
                          type="text"
                        />
                        <button
                          class="p-button p-component p-datepicker-trigger p-button-icon-only"
                          tabindex="-1"
                          type="button"
                        >
                          <span
                            class="p-button-icon p-c pi pi-calendar"
                          />
                          <span
                            class="p-button-label p-c"
                          >
                             
                          </span>
                        </button>
                      </span>
                    </div>
                  </div>
                  <div
                    class="field grid"
                  >
                    <label
                      class="col-12 md:col-4"
                      for="input-number"
                    >
                      Number
                    </label>
                    <div
                      class="flex align-items-center relative col-12 md:col-8"
                    >
                      <span
                        class="p-inputnumber p-component p-inputwrapper w-full"
                        id="input-number"
                      >
                        <input
                          aria-valuenow="1234567890"
                          class="p-inputtext p-component p-filled p-inputnumber-input text-right"
                          id="input-number"
                          inputmode="numeric"
                          name="input.number"
                          role="spinbutton"
                          type="text"
                          value=""
                        />
                      </span>
                    </div>
                  </div>
                  <div
                    class="field grid"
                  >
                    <label
                      class="col-12 md:col-4"
                      for="input-currency"
                    >
                      Currency
                    </label>
                    <div
                      class="flex align-items-center relative col-12 md:col-8"
                    >
                      <span
                        class="p-inputnumber p-component p-inputwrapper w-full"
                        id="input-currency"
                      >
                        <input
                          aria-valuenow="123456789"
                          class="p-inputtext p-component p-filled p-inputnumber-input text-right"
                          id="input-currency"
                          inputmode="decimal"
                          name="input.currency"
                          role="spinbutton"
                          type="text"
                          value=""
                        />
                      </span>
                    </div>
                  </div>
                  <div
                    class="field grid mb-0"
                  >
                    <label
                      class="col-12 md:col-4"
                      for="input-integer"
                    >
                      Integer
                    </label>
                    <div
                      class="flex align-items-center relative col-12 md:col-8"
                    >
                      <span
                        class="p-inputnumber p-component p-inputwrapper p-inputnumber-buttons-stacked w-full"
                        id="input-integer"
                      >
                        <input
                          aria-valuenow="1234567890"
                          class="p-inputtext p-component p-filled p-inputnumber-input w-full text-right"
                          id="input-integer"
                          inputmode="numeric"
                          name="input.integer"
                          role="spinbutton"
                          type="text"
                          value=""
                        />
                        <span
                          class="p-inputnumber-button-group"
                        >
                          <button
                            class="p-inputnumber-button p-inputnumber-button-up p-button p-button-icon-only p-component"
                            tabindex="-1"
                            type="button"
                          >
                            <span
                              class="p-button-icon pi pi-angle-up"
                            />
                          </button>
                          <button
                            class="p-inputnumber-button p-inputnumber-button-down p-button p-button-icon-only p-component"
                            tabindex="-1"
                            type="button"
                          >
                            <span
                              class="p-button-icon pi pi-angle-down"
                            />
                          </button>
                        </span>
                      </span>
                    </div>
                  </div>
                </div>
              </div>
            </div>
          </div>
        </div>
      </div>
      <div
        class="col-12 xl:col-4"
      >
        <div
          class="w-full"
        >
          <div
            class="p-card p-component card card-0-2-2"
            id="center"
          >
            <div
              class="p-card-body"
            >
              <div
                class="p-card-content"
              >
                <div
                  class=""
                >
                  <div
                    class="field grid"
                  >
                    <label
                      class="col-12 md:col-4"
                      for="input-gps"
                    >
                      Gps
                    </label>
                    <div
                      class="flex align-items-center relative col-12 md:col-8"
                    >
                      <div
                        class="w-full"
                        style="min-height: 320px;"
                      >
                        <div
                          class="p-skeleton p-component"
                          style="width: 100%; height: 320px;"
                        />
                      </div>
                    </div>
                  </div>
                  <div
                    class="field grid"
                  >
                    <label
                      class="col-12 md:col-4"
                      for="input-image"
                    >
                      Image
                    </label>
                    <div
                      class="flex align-items-center relative col-12 md:col-8"
                    >
                      <span
                        class="p-image p-component p-image-preview-container"
                        id="input-image"
                      >
                        <div
                          class="p-image-preview-indicator"
                        >
                          <i
                            class="p-image-preview-icon pi pi-eye"
                          />
                        </div>
                      </span>
                    </div>
                  </div>
                  <div
                    class="field grid"
                  >
                    <label
                      class="col-12 md:col-4"
                      for="input-imageUpload"
                    >
                      Image Upload
                    </label>
                    <div
                      class="flex align-items-center relative col-12 md:col-8"
                    >
                      <div
                        class="p-fileupload p-fileupload-advanced p-component w-full"
                        id="input-imageUpload"
                      >
                        <div
                          class="p-fileupload-buttonbar"
                        >
                          <span
                            class="p-button p-fileupload-choose p-component"
                            tabindex="0"
                          >
                            <input
                              accept="image/*"
                              type="file"
                            />
                            <span
                              class="p-button-icon p-button-icon-left p-clickable pi pi-fw pi-plus"
                            />
                            <span
                              class="p-button-label p-clickable"
                            >
                              Choose
                            </span>
                          </span>
                        </div>
                        <div
                          class="p-fileupload-content"
                        >
                          <div>
                            <div />
                          </div>
                          <div>
                            No picture...
                          </div>
                        </div>
                      </div>
                    </div>
                  </div>
                  <div
                    class="field grid"
                  >
                    <label
                      class="col-12 md:col-4"
                      for="input-file"
                    >
                      File
                    </label>
                    <div
                      class="flex align-items-center relative col-12 md:col-8"
                    >
                      <div
                        class="p-fileupload p-fileupload-basic p-component w-full"
                      >
                        <div>
                          <div />
                        </div>
                        <span
                          class="p-button p-component p-fileupload-choose"
                          tabindex="0"
                        >
                          <span
                            class="p-button-icon p-button-icon-left pi pi-plus"
                          />
                          <span
                            class="p-button-label p-clickable"
                          >
                            <span
                              class="p-button-label p-clickable"
                            >
                              Choose
                            </span>
                          </span>
                          <input
                            type="file"
                          />
                        </span>
                      </div>
                    </div>
                  </div>
                  <div
                    class="field grid"
                  >
                    <label
                      class="col-12 md:col-4"
                      for="input-ocr"
                    >
                      Ocr
                    </label>
                    <div
                      class="flex align-items-center relative col-12 md:col-8"
                    >
                      <div
                        class="w-full"
                      >
                        <div
                          class="p-fileupload p-fileupload-advanced p-component"
                          id="input-ocr"
                        >
                          <div
                            class="p-fileupload-buttonbar"
                          >
                            <span
                              class="p-button p-fileupload-choose p-component"
                              tabindex="0"
                            >
                              <input
                                accept="image/*"
                                type="file"
                              />
                              <span
                                class="p-button-icon p-button-icon-left p-clickable pi pi-fw pi-plus"
                              />
                              <span
                                class="p-button-label p-clickable"
                              >
                                Choose
                              </span>
                            </span>
                          </div>
                          <div
                            class="p-fileupload-content"
                          >
                            <div>
                              <div />
                            </div>
                            <div>
                              No picture...
                            </div>
                          </div>
                        </div>
                      </div>
                    </div>
                  </div>
                  <div
                    class="field grid"
                  >
                    <label
                      class="col-12 md:col-4"
                      for="input-dropdown"
                    >
                      Dropdown
                    </label>
                    <div
                      class="flex align-items-center relative col-12 md:col-8"
                    >
                      <div
                        class="p-dropdown p-component p-inputwrapper p-inputwrapper-filled w-full"
                        data-testid="input-dropdown"
                        id="input-dropdown"
                      >
                        <div
                          class="p-hidden-accessible"
                        >
                          <input
                            aria-haspopup="listbox"
                            readonly=""
                            type="text"
                          />
                        </div>
                        <div
                          class="p-hidden-accessible p-dropdown-hidden-select"
                        >
                          <select
                            aria-hidden="true"
                            name="input.dropdown"
                            tabindex="-1"
                          >
                            <option
                              selected=""
                              value="1"
                            >
                              EUR
                            </option>
                          </select>
                        </div>
                        <span
                          class="p-dropdown-label p-inputtext"
                        >
                          EUR
                        </span>
                        <div
                          aria-expanded="false"
                          aria-haspopup="listbox"
                          class="p-dropdown-trigger"
                          role="button"
                        >
                          <span
                            class="p-dropdown-trigger-icon p-clickable pi pi-chevron-down"
                          />
                        </div>
                      </div>
                    </div>
                  </div>
                  <div
                    class="field grid"
                  >
                    <label
                      class="col-12 md:col-4"
                      for="input-dropdownTree"
                    >
                      Dropdown Tree
                    </label>
                    <div
                      class="flex align-items-center relative col-12 md:col-8"
                    >
                      <div
                        class="p-treeselect p-component p-inputwrapper p-inputwrapper-filled w-full"
                        data-testid="input-dropdownTree"
                        id="input-dropdownTree"
                      >
                        <div
                          class="p-hidden-accessible"
                        >
                          <input
                            aria-expanded="false"
                            id="input-dropdownTree"
                            readonly=""
                            role="listbox"
                            type="text"
                          />
                        </div>
                        <div
                          class="p-treeselect-label-container"
                        >
                          <div
                            class="p-treeselect-label"
                          >
                            Europe
                          </div>
                        </div>
                        <div
                          aria-expanded="false"
                          aria-haspopup="listbox"
                          class="p-treeselect-trigger"
                          role="button"
                        >
                          <span
                            class="p-treeselect-trigger-icon p-clickable pi pi-chevron-down"
                          />
                        </div>
                      </div>
                    </div>
                  </div>
                  <div
                    class="field grid"
                  >
                    <label
                      class="col-12 md:col-4"
                      for="input-multiSelect"
                    >
                      Multi Select
                    </label>
                    <div
                      class="flex align-items-center relative col-12 md:col-8"
                    >
                      <div
                        class="p-multiselect p-component p-inputwrapper p-multiselect-chip p-inputwrapper-filled w-full"
                        data-testid="input-multiSelect"
                        id="input-multiSelect"
                      >
                        <div
                          class="p-hidden-accessible"
                        >
                          <input
                            aria-expanded="false"
                            name="input.multiSelect"
                            readonly=""
                            role="listbox"
                            tabindex="0"
                            type="text"
                          />
                        </div>
                        <div
                          class="p-multiselect-label-container"
                        >
                          <div
                            class="p-multiselect-label"
                          >
                            <div
                              class="p-multiselect-token"
                            >
                              <span
                                class="p-multiselect-token-label"
                              >
                                Rome
                              </span>
                              <span
                                class="p-multiselect-token-icon pi pi-times-circle"
                              />
                            </div>
                          </div>
                        </div>
                        <div
                          class="p-multiselect-trigger"
                        >
                          <span
                            class="p-multiselect-trigger-icon p-c pi pi-chevron-down"
                          />
                        </div>
                      </div>
                    </div>
                  </div>
                  <div
                    class="field grid"
                  >
                    <label
                      class="col-12 md:col-4"
                      for="input-multiSelectTree"
                    >
                      Multi Select Tree
                    </label>
                    <div
                      class="flex align-items-center relative col-12 md:col-8"
                    >
                      <div
                        class="p-treeselect p-component p-inputwrapper p-treeselect-chip p-inputwrapper-filled w-full"
                        data-testid="input-multiSelectTree"
                        id="input-multiSelectTree"
                      >
                        <div
                          class="p-hidden-accessible"
                        >
                          <input
                            aria-expanded="false"
                            readonly=""
                            role="listbox"
                            type="text"
                          />
                        </div>
                        <div
                          class="p-treeselect-label-container"
                        >
                          <div
                            class="p-treeselect-label"
                          >
                            <div
                              class="p-treeselect-token"
                            >
                              <span
                                class="p-treeselect-token-label"
                              >
                                Solar system
                              </span>
                            </div>
                          </div>
                        </div>
                        <div
                          aria-expanded="false"
                          aria-haspopup="listbox"
                          class="p-treeselect-trigger"
                          role="button"
                        >
                          <span
                            class="p-treeselect-trigger-icon p-clickable pi pi-chevron-down"
                          />
                        </div>
                      </div>
                    </div>
                  </div>
                  <div
                    class="field grid"
                  >
                    <label
                      class="col-12 md:col-4"
                      for="input-select"
                    >
                      Select
                    </label>
                    <div
                      class="flex align-items-center relative col-12 md:col-8"
                    >
                      <div
                        class="p-selectbutton p-buttonset p-component w-full"
                        data-testid="input-select"
                        id="input-select"
                        name="input.select"
                        role="group"
                      >
                        <div
                          aria-label="One"
                          aria-pressed="true"
                          class="p-button p-component p-highlight"
                          role="button"
                          tabindex="0"
                        >
                          <span
                            class="p-button-label p-c"
                          >
                            One
                          </span>
                        </div>
                        <div
                          aria-label="Two"
                          aria-pressed="false"
                          class="p-button p-component"
                          role="button"
                          tabindex="0"
                        >
                          <span
                            class="p-button-label p-c"
                          >
                            Two
                          </span>
                        </div>
                        <div
                          aria-label="Three"
                          aria-pressed="false"
                          class="p-button p-component"
                          role="button"
                          tabindex="0"
                        >
                          <span
                            class="p-button-label p-c"
                          >
                            Three
                          </span>
                        </div>
                      </div>
                    </div>
                  </div>
                  <div
                    class="field grid mb-0"
                  >
                    <label
                      class="col-12 md:col-4"
                      for="input-table"
                    >
                      Table
                    </label>
                    <div
                      class="flex align-items-center relative col-12 md:col-8"
                    >
                      <div
                        class="w-full"
                      >
                        <div
                          class="p-toolbar p-component p-0 border-none"
                          role="toolbar"
                          style="background: none;"
                        >
                          <div
                            class="p-toolbar-group-left"
                          >
                            <button
                              aria-label="Add"
                              class="p-button p-component p-button mr-2"
                              data-testid="input-table-addButton"
                            >
                              <span
                                class="p-button-icon p-c p-button-icon-left pi pi-plus"
                              />
                              <span
                                class="p-button-label p-c"
                              >
                                 
                              </span>
                              <span
                                class="p-button-label p-c"
                              >
                                Add
                              </span>
                            </button>
                            <button
                              aria-label="Delete"
                              class="p-button p-component p-button p-disabled"
                              data-testid="input-table-deleteButton"
                              disabled=""
                            >
                              <span
                                class="p-button-icon p-c p-button-icon-left pi pi-trash"
                              />
                              <span
                                class="p-button-label p-c"
                              >
                                 
                              </span>
                              <span
                                class="p-button-label p-c"
                              >
                                Delete
                              </span>
                            </button>
                          </div>
                          <div
                            class="p-toolbar-group-right"
                          />
                        </div>
                        <div
                          class="p-datatable p-component p-datatable-selectable p-datatable-responsive-stack p-datatable-sm w-full table-0-2-3"
                          data-scrollselectors=".p-datatable-wrapper"
                          data-testid="input-table"
                          id="input-table"
                          pr_id_5=""
                        >
                          <div
                            class="p-datatable-wrapper"
                          >
                            <table
                              class="p-datatable-table"
                              role="table"
                            >
                              <thead
                                class="p-datatable-thead"
                              >
                                <tr
                                  role="row"
                                >
                                  <th
                                    class="p-selection-column"
                                    role="columnheader"
                                  >
                                    <div
                                      class="p-column-header-content"
                                    >
                                      <span
                                        class="p-column-title"
                                      />
                                      <div
                                        class="p-checkbox p-component"
                                      >
                                        <div
                                          class="p-checkbox-box p-component"
                                          role="checkbox"
                                          tabindex="0"
                                        >
                                          <span
                                            class="p-checkbox-icon"
                                          />
                                        </div>
                                      </div>
                                    </div>
                                  </th>
                                  <th
                                    class=""
                                    role="columnheader"
                                  >
                                    <div
                                      class="p-column-header-content"
                                    >
                                      <span
                                        class="p-column-title"
                                      >
                                        <span
                                          data-testid="input-table-nameTitle"
                                        >
                                          Name
                                        </span>
                                      </span>
                                    </div>
                                  </th>
                                  <th
                                    class=""
                                    role="columnheader"
                                  >
                                    <div
                                      class="p-column-header-content"
                                    >
                                      <span
                                        class="p-column-title"
                                      >
                                        <span
                                          data-testid="input-table-valueTitle"
                                        >
                                          Value
                                        </span>
                                      </span>
                                    </div>
                                  </th>
                                  <th
                                    class=""
                                    role="columnheader"
                                    style="width: 7rem;"
                                  >
                                    <div
                                      class="p-column-header-content"
                                    >
                                      <span
                                        class="p-column-title"
                                      />
                                    </div>
                                  </th>
                                </tr>
                              </thead>
                              <tbody
                                class="p-datatable-tbody"
                              >
                                <tr
                                  class=""
                                  draggable="false"
                                  role="row"
                                >
                                  <td
                                    class="p-selection-column"
                                    role="cell"
                                  >
                                    <span
                                      class="p-column-title"
                                    />
                                    <div
                                      class="p-checkbox p-component"
                                    >
                                      <div
                                        aria-checked="false"
                                        aria-label="Select 0"
                                        class="p-checkbox-box p-component"
                                        role="checkbox"
                                        tabindex="0"
                                      >
                                        <span
                                          class="p-checkbox-icon"
                                        />
                                      </div>
                                    </div>
                                  </td>
                                  <td
                                    class="p-editable-column p-cell-editing"
                                    role="cell"
                                  >
                                    <span
                                      class="p-column-title"
                                    >
                                      <span
                                        data-testid="input-table-nameTitle"
                                      >
                                        Name
                                      </span>
                                    </span>
                                    <input
                                      class="p-inputtext p-component p-filled w-full"
                                      data-testid="input-table-0-name"
                                      id="input-table-0-name"
                                      name="input-table[0].name"
                                      type="text"
                                      value="name"
                                    />
                                  </td>
                                  <td
                                    class="p-editable-column p-cell-editing"
                                    role="cell"
                                  >
                                    <span
                                      class="p-column-title"
                                    >
                                      <span
                                        data-testid="input-table-valueTitle"
                                      >
                                        Value
                                      </span>
                                    </span>
                                    <input
                                      class="p-inputtext p-component p-filled w-full"
                                      data-testid="input-table-0-value"
                                      id="input-table-0-value"
                                      name="input-table[0].value"
                                      type="text"
                                      value="value"
                                    />
                                  </td>
                                  <td
                                    class=""
                                    role="cell"
                                    style="text-align: center;"
                                  >
                                    <span
                                      class="p-column-title"
                                    />
                                    <button
                                      class="p-row-editor-save p-link"
                                      name="row-save"
                                      tabindex="0"
                                      type="button"
                                    >
                                      <span
                                        class="p-row-editor-save-icon pi pi-fw pi-check"
                                      />
                                    </button>
                                    <button
                                      class="p-row-editor-cancel p-link"
                                      name="row-cancel"
                                      tabindex="0"
                                      type="button"
                                    >
                                      <span
                                        class="p-row-editor-cancel-icon pi pi-fw pi-times"
                                      />
                                    </button>
                                  </td>
                                </tr>
                              </tbody>
                            </table>
                          </div>
                        </div>
                      </div>
                    </div>
                  </div>
                </div>
              </div>
            </div>
          </div>
        </div>
      </div>
      <div
        class="col-12 xl:col-4"
      >
        <div
          class="w-full"
        >
          <div
            class="p-card p-component card card-0-2-2"
            id="right"
          >
            <div
              class="p-card-body"
            >
              <div
                class="p-card-content"
              >
                <div
                  class=""
                >
                  <div
                    class="field grid"
                  >
                    <label
                      class="col-12 md:col-4"
                      for="input-selectTable"
                    >
                      Select Table
                    </label>
                    <div
                      class="flex align-items-center relative col-12 md:col-8"
                    >
                      <div
                        class="p-datatable p-component p-datatable-selectable p-datatable-responsive-stack p-datatable-sm w-full table-0-2-3"
                        data-scrollselectors=".p-datatable-wrapper"
                        data-testid="input-selectTable"
                        id="input-selectTable"
                        pr_id_6=""
                      >
                        <div
                          class="p-datatable-wrapper"
                        >
                          <table
                            class="p-datatable-table"
                            role="table"
                          >
                            <thead
                              class="p-datatable-thead"
                            >
                              <tr
                                role="row"
                              >
                                <th
                                  class="p-selection-column"
                                  role="columnheader"
                                >
                                  <div
                                    class="p-column-header-content"
                                  >
                                    <span
                                      class="p-column-title"
                                    />
                                    <div
                                      class="p-checkbox p-component"
                                    >
                                      <div
                                        aria-checked="false"
                                        class="p-checkbox-box p-component"
                                        role="checkbox"
                                        tabindex="0"
                                      >
                                        <span
                                          class="p-checkbox-icon"
                                        />
                                      </div>
                                    </div>
                                  </div>
                                </th>
                                <th
                                  class=""
                                  role="columnheader"
                                >
                                  <div
                                    class="p-column-header-content"
                                  >
                                    <span
                                      class="p-column-title"
                                    />
                                  </div>
                                </th>
                              </tr>
                            </thead>
                            <tbody
                              class="p-datatable-tbody"
                            >
                              <tr
                                class="p-highlight p-selectable-row"
                                role="row"
                              >
                                <td
                                  class="p-selection-column"
                                  role="cell"
                                >
                                  <span
                                    class="p-column-title"
                                  />
                                  <div
                                    class="p-checkbox p-component"
                                  >
                                    <div
                                      aria-checked="true"
                                      aria-label="Unselect 1"
                                      class="p-checkbox-box p-component p-highlight"
                                      role="checkbox"
                                      tabindex="0"
                                    >
                                      <span
                                        class="p-checkbox-icon pi pi-check"
                                      />
                                    </div>
                                  </div>
                                </td>
                                <td
                                  class=""
                                  role="cell"
                                >
                                  <span
                                    class="p-column-title"
                                  />
                                  One
                                </td>
                              </tr>
                              <tr
                                class="p-selectable-row p-row-odd"
                                role="row"
                              >
                                <td
                                  class="p-selection-column"
                                  role="cell"
                                >
                                  <span
                                    class="p-column-title"
                                  />
                                  <div
                                    class="p-checkbox p-component"
                                  >
                                    <div
                                      aria-checked="false"
                                      aria-label="Select 2"
                                      class="p-checkbox-box p-component"
                                      role="checkbox"
                                      tabindex="0"
                                    >
                                      <span
                                        class="p-checkbox-icon"
                                      />
                                    </div>
                                  </div>
                                </td>
                                <td
                                  class=""
                                  role="cell"
                                >
                                  <span
                                    class="p-column-title"
                                  />
                                  Two
                                </td>
                              </tr>
                              <tr
                                class="p-selectable-row"
                                role="row"
                              >
                                <td
                                  class="p-selection-column"
                                  role="cell"
                                >
                                  <span
                                    class="p-column-title"
                                  />
                                  <div
                                    class="p-checkbox p-component"
                                  >
                                    <div
                                      aria-checked="false"
                                      aria-label="Select 3"
                                      class="p-checkbox-box p-component"
                                      role="checkbox"
                                      tabindex="0"
                                    >
                                      <span
                                        class="p-checkbox-icon"
                                      />
                                    </div>
                                  </div>
                                </td>
                                <td
                                  class=""
                                  role="cell"
                                >
                                  <span
                                    class="p-column-title"
                                  />
                                  Three
                                </td>
                              </tr>
                            </tbody>
                          </table>
                        </div>
                      </div>
                    </div>
                  </div>
                  <div
                    class="field grid"
                  >
                    <label
                      class="col-12 md:col-4"
                      for="input-multiSelectPanel"
                    >
                      Multi Select Panel
                    </label>
                    <div
                      class="flex align-items-center relative col-12 md:col-8"
                    >
                      <div
                        class="p-multiselect p-component p-inputwrapper p-inputwrapper-filled w-full"
                        data-testid="input-multiSelectPanel"
                        id="input-multiSelectPanel"
                      >
                        <div
                          class="p-hidden-accessible"
                        >
                          <input
                            aria-expanded="false"
                            name="input.multiSelectPanel"
                            readonly=""
                            role="listbox"
                            tabindex="0"
                            type="text"
                          />
                        </div>
                        <div
                          class="p-multiselect-panel p-component p-multiselect-inline p-multiselect-flex"
                        >
                          <div
                            class="p-multiselect-items-wrapper"
                            style="max-height: 200px;"
                          >
                            <ul
                              aria-multiselectable="true"
                              class="p-multiselect-items p-component"
                              role="listbox"
                            >
                              <li
                                aria-selected="true"
                                class="p-multiselect-item p-highlight col-3"
                                role="option"
                                tabindex="0"
                              >
                                <div
                                  class="p-checkbox p-component"
                                >
                                  <div
                                    class="p-checkbox-box p-highlight"
                                  >
                                    <span
                                      class="p-checkbox-icon p-c pi pi-check"
                                    />
                                  </div>
                                </div>
                                <span>
                                  One
                                </span>
                              </li>
                              <li
                                aria-selected="false"
                                class="p-multiselect-item col-3"
                                role="option"
                                tabindex="0"
                              >
                                <div
                                  class="p-checkbox p-component"
                                >
                                  <div
                                    class="p-checkbox-box"
                                  >
                                    <span
                                      class="p-checkbox-icon p-c"
                                    />
                                  </div>
                                </div>
                                <span>
                                  Two
                                </span>
                              </li>
                              <li
                                aria-selected="false"
                                class="p-multiselect-item col-3"
                                role="option"
                                tabindex="0"
                              >
                                <div
                                  class="p-checkbox p-component"
                                >
                                  <div
                                    class="p-checkbox-box"
                                  >
                                    <span
                                      class="p-checkbox-icon p-c"
                                    />
                                  </div>
                                </div>
                                <span>
                                  Three
                                </span>
                              </li>
                            </ul>
                          </div>
                        </div>
                      </div>
                    </div>
                  </div>
                  <div
                    class="field grid"
                  >
                    <label
                      class="col-12 md:col-4"
                      for="input-multiSelectTreeTable"
                    >
                      Multi Select Tree Table
                    </label>
                    <div
                      class="flex align-items-center relative col-12 md:col-8"
                    >
                      <div
                        class="p-treetable p-component w-full"
                        data-scrollselectors=".p-treetable-scrollable-body"
                        data-testid="input-multiSelectTreeTable"
                        id="input-multiSelectTreeTable"
                        name="input.multiSelectTreeTable"
                      >
                        <div
                          class="p-treetable-wrapper"
                        >
                          <table>
                            <thead
                              class="p-treetable-thead"
                            >
                              <tr>
                                <th
                                  class=""
                                >
                                  <span
                                    class="p-column-title"
                                  />
                                </th>
                              </tr>
                            </thead>
                            <tbody
                              class="p-treetable-tbody"
                            >
                              <tr
                                class=""
                                tabindex="0"
                              >
                                <td
                                  class=""
                                >
                                  <button
                                    aria-label="Expand"
                                    class="p-treetable-toggler p-link p-unselectable-text"
                                    style="margin-left: 0px; visibility: visible;"
                                    tabindex="-1"
                                    type="button"
                                  >
                                    <i
                                      aria-hidden="true"
                                      class="p-treetable-toggler-icon pi pi-fw pi-chevron-right"
                                    />
                                  </button>
                                  <div
                                    aria-checked="true"
                                    class="p-checkbox p-treetable-checkbox p-component"
                                    role="checkbox"
                                  >
                                    <div
                                      class="p-hidden-accessible"
                                    >
                                      <input
                                        type="checkbox"
                                      />
                                    </div>
                                    <div
                                      class="p-checkbox-box p-highlight"
                                    >
                                      <span
                                        class="p-checkbox-icon p-c pi pi-check"
                                      />
                                    </div>
                                  </div>
                                  One
                                </td>
                              </tr>
                            </tbody>
                          </table>
                        </div>
                      </div>
                    </div>
                  </div>
                  <div
                    class="field grid mb-0"
                  >
                    <label
                      class="col-12 md:col-4"
                      for="input-selectTableWithFlags"
                    >
                      Select Table With Flags
                    </label>
                    <div
                      class="flex align-items-center relative col-12 md:col-8"
                    >
                      <div
                        class="p-datatable p-component p-datatable-selectable p-datatable-responsive-stack p-datatable-sm w-full table-0-2-3"
                        data-scrollselectors=".p-datatable-wrapper"
                        data-testid="input-selectTableWithFlags"
                        id="input-selectTableWithFlags"
                        pr_id_7=""
                      >
                        <div
                          class="p-datatable-wrapper"
                        >
                          <table
                            class="p-datatable-table"
                            role="table"
                          >
                            <thead
                              class="p-datatable-thead"
                            >
                              <tr
                                role="row"
                              >
                                <th
                                  class="p-selection-column"
                                  role="columnheader"
                                >
                                  <div
                                    class="p-column-header-content"
                                  >
                                    <span
                                      class="p-column-title"
                                    />
                                    <div
                                      class="p-checkbox p-component"
                                    >
                                      <div
                                        aria-checked="false"
                                        class="p-checkbox-box p-component"
                                        role="checkbox"
                                        tabindex="0"
                                      >
                                        <span
                                          class="p-checkbox-icon"
                                        />
                                      </div>
                                    </div>
                                  </div>
                                </th>
                                <th
                                  class=""
                                  role="columnheader"
                                >
                                  <div
                                    class="p-column-header-content"
                                  >
                                    <span
                                      class="p-column-title"
                                    />
                                  </div>
                                </th>
                                <th
                                  class=""
                                  role="columnheader"
                                >
                                  <div
                                    class="p-column-header-content"
                                  >
                                    <span
                                      class="p-column-title"
                                    >
                                      <span
                                        data-testid="input-selectTableWithFlags-flag1Title"
                                      >
                                        Flag1
                                      </span>
                                    </span>
                                  </div>
                                </th>
                                <th
                                  class=""
                                  role="columnheader"
                                >
                                  <div
                                    class="p-column-header-content"
                                  >
                                    <span
                                      class="p-column-title"
                                    >
                                      <span
                                        data-testid="input-selectTableWithFlags-flag2Title"
                                      >
                                        Flag2
                                      </span>
                                    </span>
                                  </div>
                                </th>
                              </tr>
                            </thead>
                            <tbody
                              class="p-datatable-tbody"
                            >
                              <tr
                                class=""
                                role="row"
                              >
                                <td
                                  class="p-selection-column"
                                  role="cell"
                                >
                                  <span
                                    class="p-column-title"
                                  />
                                  <div
                                    class="p-checkbox p-component"
                                  >
                                    <div
                                      aria-checked="false"
                                      aria-label="Select 1"
                                      class="p-checkbox-box p-component"
                                      role="checkbox"
                                      tabindex="0"
                                    >
                                      <span
                                        class="p-checkbox-icon"
                                      />
                                    </div>
                                  </div>
                                </td>
                                <td
                                  class=""
                                  role="cell"
                                >
                                  <span
                                    class="p-column-title"
                                  />
                                  One
                                </td>
                                <td
                                  class="p-editable-column"
                                  role="cell"
                                >
                                  <span
                                    class="p-column-title"
                                  >
                                    <span
                                      data-testid="input-selectTableWithFlags-flag1Title"
                                    >
                                      Flag1
                                    </span>
                                  </span>
                                  <div
                                    class="p-radiobutton p-component p-radiobutton-disabled"
                                    data-testid="input-selectTableWithFlags"
                                  >
                                    <div
                                      class="p-hidden-accessible"
                                    >
                                      <input
                                        disabled=""
                                        name="input-selectTableWithFlags.flag1Filter"
                                        type="radio"
                                      />
                                    </div>
                                    <div
                                      class="p-radiobutton-box p-disabled"
                                    >
                                      <div
                                        class="p-radiobutton-icon"
                                      />
                                    </div>
                                  </div>
                                </td>
                                <td
                                  class="p-editable-column"
                                  role="cell"
                                >
                                  <span
                                    class="p-column-title"
                                  >
                                    <span
                                      data-testid="input-selectTableWithFlags-flag2Title"
                                    >
                                      Flag2
                                    </span>
                                  </span>
                                  <div
                                    class="p-radiobutton p-component p-radiobutton-disabled"
                                    data-testid="input-selectTableWithFlags"
                                  >
                                    <div
                                      class="p-hidden-accessible"
                                    >
                                      <input
                                        disabled=""
                                        name="input-selectTableWithFlags.flag2Filter"
                                        type="radio"
                                      />
                                    </div>
                                    <div
                                      class="p-radiobutton-box p-disabled"
                                    >
                                      <div
                                        class="p-radiobutton-icon"
                                      />
                                    </div>
                                  </div>
                                </td>
                              </tr>
                              <tr
                                class="p-row-odd"
                                role="row"
                              >
                                <td
                                  class="p-selection-column"
                                  role="cell"
                                >
                                  <span
                                    class="p-column-title"
                                  />
                                  <div
                                    class="p-checkbox p-component"
                                  >
                                    <div
                                      aria-checked="false"
                                      aria-label="Select 2"
                                      class="p-checkbox-box p-component"
                                      role="checkbox"
                                      tabindex="0"
                                    >
                                      <span
                                        class="p-checkbox-icon"
                                      />
                                    </div>
                                  </div>
                                </td>
                                <td
                                  class=""
                                  role="cell"
                                >
                                  <span
                                    class="p-column-title"
                                  />
                                  Two
                                </td>
                                <td
                                  class="p-editable-column"
                                  role="cell"
                                >
                                  <span
                                    class="p-column-title"
                                  >
                                    <span
                                      data-testid="input-selectTableWithFlags-flag1Title"
                                    >
                                      Flag1
                                    </span>
                                  </span>
                                  <div
                                    class="p-radiobutton p-component p-radiobutton-disabled"
                                    data-testid="input-selectTableWithFlags"
                                  >
                                    <div
                                      class="p-hidden-accessible"
                                    >
                                      <input
                                        disabled=""
                                        name="input-selectTableWithFlags.flag1Filter"
                                        type="radio"
                                      />
                                    </div>
                                    <div
                                      class="p-radiobutton-box p-disabled"
                                    >
                                      <div
                                        class="p-radiobutton-icon"
                                      />
                                    </div>
                                  </div>
                                </td>
                                <td
                                  class="p-editable-column"
                                  role="cell"
                                >
                                  <span
                                    class="p-column-title"
                                  >
                                    <span
                                      data-testid="input-selectTableWithFlags-flag2Title"
                                    >
                                      Flag2
                                    </span>
                                  </span>
                                  <div
                                    class="p-radiobutton p-component p-radiobutton-disabled"
                                    data-testid="input-selectTableWithFlags"
                                  >
                                    <div
                                      class="p-hidden-accessible"
                                    >
                                      <input
                                        disabled=""
                                        name="input-selectTableWithFlags.flag2Filter"
                                        type="radio"
                                      />
                                    </div>
                                    <div
                                      class="p-radiobutton-box p-disabled"
                                    >
                                      <div
                                        class="p-radiobutton-icon"
                                      />
                                    </div>
                                  </div>
                                </td>
                              </tr>
                              <tr
                                class=""
                                role="row"
                              >
                                <td
                                  class="p-selection-column"
                                  role="cell"
                                >
                                  <span
                                    class="p-column-title"
                                  />
                                  <div
                                    class="p-checkbox p-component"
                                  >
                                    <div
                                      aria-checked="false"
                                      aria-label="Select 3"
                                      class="p-checkbox-box p-component"
                                      role="checkbox"
                                      tabindex="0"
                                    >
                                      <span
                                        class="p-checkbox-icon"
                                      />
                                    </div>
                                  </div>
                                </td>
                                <td
                                  class=""
                                  role="cell"
                                >
                                  <span
                                    class="p-column-title"
                                  />
                                  Three
                                </td>
                                <td
                                  class="p-editable-column"
                                  role="cell"
                                >
                                  <span
                                    class="p-column-title"
                                  >
                                    <span
                                      data-testid="input-selectTableWithFlags-flag1Title"
                                    >
                                      Flag1
                                    </span>
                                  </span>
                                  <div
                                    class="p-radiobutton p-component p-radiobutton-disabled"
                                    data-testid="input-selectTableWithFlags"
                                  >
                                    <div
                                      class="p-hidden-accessible"
                                    >
                                      <input
                                        disabled=""
                                        name="input-selectTableWithFlags.flag1Filter"
                                        type="radio"
                                      />
                                    </div>
                                    <div
                                      class="p-radiobutton-box p-disabled"
                                    >
                                      <div
                                        class="p-radiobutton-icon"
                                      />
                                    </div>
                                  </div>
                                </td>
                                <td
                                  class="p-editable-column"
                                  role="cell"
                                >
                                  <span
                                    class="p-column-title"
                                  >
                                    <span
                                      data-testid="input-selectTableWithFlags-flag2Title"
                                    >
                                      Flag2
                                    </span>
                                  </span>
                                  <div
                                    class="p-radiobutton p-component p-radiobutton-disabled"
                                    data-testid="input-selectTableWithFlags"
                                  >
                                    <div
                                      class="p-hidden-accessible"
                                    >
                                      <input
                                        disabled=""
                                        name="input-selectTableWithFlags.flag2Filter"
                                        type="radio"
                                      />
                                    </div>
                                    <div
                                      class="p-radiobutton-box p-disabled"
                                    >
                                      <div
                                        class="p-radiobutton-icon"
                                      />
                                    </div>
                                  </div>
                                </td>
                              </tr>
                            </tbody>
                          </table>
                        </div>
                      </div>
                    </div>
                  </div>
                </div>
              </div>
            </div>
          </div>
        </div>
      </div>
    </div>
  </div>
</div>
`;
