// Jest Snapshot v1, https://goo.gl/fbAQLP

exports[`<Navigator /> render equals snapshot 1`] = `
<div
  data-testid="ut-front-test"
>
  <div
    class="p-tree p-component border-none p-0 Navigator-component-1 p-tree-selectable"
  >
    <div
      class="p-tree-header"
    />
    <ul
      class="p-tree-container"
      role="tree"
    >
      <li
        class="p-treenode"
      >
        <div
          aria-expanded="true"
          aria-posinset="1"
          aria-selected="true"
          class="p-treenode-content p-treenode-selectable p-highlight"
          role="treeitem"
          tabindex="0"
        >
          <button
            class="p-tree-toggler p-link"
            tabindex="-1"
            type="button"
          >
            <span
              class="p-tree-toggler-icon pi pi-fw pi-chevron-down"
            />
          </button>
          <span
            data-testid="navigator.itemsItem/0"
          >
            Item 0
          </span>
        </div>
        <ul
          class="p-treenode-children"
          role="group"
        >
          <li
            class="p-treenode p-treenode-leaf"
          >
            <div
              aria-posinset="1"
              aria-selected="false"
              class="p-treenode-content p-treenode-selectable"
              role="treeitem"
              tabindex="0"
            >
              <button
                class="p-tree-toggler p-link"
                tabindex="-1"
                type="button"
              >
                <span
                  class="p-tree-toggler-icon pi pi-fw pi-chevron-right"
                />
              </button>
              <span
                data-testid="navigator.itemsItem/10"
              >
                Item 10
              </span>
            </div>
          </li>
          <li
            class="p-treenode p-treenode-leaf"
          >
            <div
              aria-posinset="2"
              aria-selected="false"
              class="p-treenode-content p-treenode-selectable"
              role="treeitem"
              tabindex="0"
            >
              <button
                class="p-tree-toggler p-link"
                tabindex="-1"
                type="button"
              >
                <span
                  class="p-tree-toggler-icon pi pi-fw pi-chevron-right"
                />
              </button>
              <span
                data-testid="navigator.itemsItem/20"
              >
                Item 20
              </span>
            </div>
          </li>
          <li
            class="p-treenode p-treenode-leaf"
          >
            <div
              aria-posinset="3"
              aria-selected="false"
              class="p-treenode-content p-treenode-selectable"
              role="treeitem"
              tabindex="0"
            >
              <button
                class="p-tree-toggler p-link"
                tabindex="-1"
                type="button"
              >
                <span
                  class="p-tree-toggler-icon pi pi-fw pi-chevron-right"
                />
              </button>
              <span
                data-testid="navigator.itemsItem/30"
              >
                Item 30
              </span>
            </div>
          </li>
          <li
            class="p-treenode p-treenode-leaf"
          >
            <div
              aria-posinset="4"
              aria-selected="false"
              class="p-treenode-content p-treenode-selectable"
              role="treeitem"
              tabindex="0"
            >
              <button
                class="p-tree-toggler p-link"
                tabindex="-1"
                type="button"
              >
                <span
                  class="p-tree-toggler-icon pi pi-fw pi-chevron-right"
                />
              </button>
              <span
                data-testid="navigator.itemsItem/40"
              >
                Item 40
              </span>
            </div>
          </li>
        </ul>
      </li>
      <li
        class="p-treenode"
      >
        <div
          aria-expanded="true"
          aria-posinset="2"
          aria-selected="false"
          class="p-treenode-content p-treenode-selectable"
          role="treeitem"
          tabindex="0"
        >
          <button
            class="p-tree-toggler p-link"
            tabindex="-1"
            type="button"
          >
            <span
              class="p-tree-toggler-icon pi pi-fw pi-chevron-down"
            />
          </button>
          <span
            data-testid="navigator.itemsItem/1"
          >
            Item 1
          </span>
        </div>
        <ul
          class="p-treenode-children"
          role="group"
        >
          <li
            class="p-treenode p-treenode-leaf"
          >
            <div
              aria-posinset="1"
              aria-selected="false"
              class="p-treenode-content p-treenode-selectable"
              role="treeitem"
              tabindex="0"
            >
              <button
                class="p-tree-toggler p-link"
                tabindex="-1"
                type="button"
              >
                <span
                  class="p-tree-toggler-icon pi pi-fw pi-chevron-right"
                />
              </button>
              <span
                data-testid="navigator.itemsItem/11"
              >
                Item 11
              </span>
            </div>
          </li>
          <li
            class="p-treenode p-treenode-leaf"
          >
            <div
              aria-posinset="2"
              aria-selected="false"
              class="p-treenode-content p-treenode-selectable"
              role="treeitem"
              tabindex="0"
            >
              <button
                class="p-tree-toggler p-link"
                tabindex="-1"
                type="button"
              >
                <span
                  class="p-tree-toggler-icon pi pi-fw pi-chevron-right"
                />
              </button>
              <span
                data-testid="navigator.itemsItem/21"
              >
                Item 21
              </span>
            </div>
          </li>
          <li
            class="p-treenode p-treenode-leaf"
          >
            <div
              aria-posinset="3"
              aria-selected="false"
              class="p-treenode-content p-treenode-selectable"
              role="treeitem"
              tabindex="0"
            >
              <button
                class="p-tree-toggler p-link"
                tabindex="-1"
                type="button"
              >
                <span
                  class="p-tree-toggler-icon pi pi-fw pi-chevron-right"
                />
              </button>
              <span
                data-testid="navigator.itemsItem/31"
              >
                Item 31
              </span>
            </div>
          </li>
          <li
            class="p-treenode p-treenode-leaf"
          >
            <div
              aria-posinset="4"
              aria-selected="false"
              class="p-treenode-content p-treenode-selectable"
              role="treeitem"
              tabindex="0"
            >
              <button
                class="p-tree-toggler p-link"
                tabindex="-1"
                type="button"
              >
                <span
                  class="p-tree-toggler-icon pi pi-fw pi-chevron-right"
                />
              </button>
              <span
                data-testid="navigator.itemsItem/41"
              >
                Item 41
              </span>
            </div>
          </li>
        </ul>
      </li>
      <li
        class="p-treenode"
      >
        <div
          aria-expanded="true"
          aria-posinset="3"
          aria-selected="false"
          class="p-treenode-content p-treenode-selectable"
          role="treeitem"
          tabindex="0"
        >
          <button
            class="p-tree-toggler p-link"
            tabindex="-1"
            type="button"
          >
            <span
              class="p-tree-toggler-icon pi pi-fw pi-chevron-down"
            />
          </button>
          <span
            data-testid="navigator.itemsItem/2"
          >
            Item 2
          </span>
        </div>
        <ul
          class="p-treenode-children"
          role="group"
        >
          <li
            class="p-treenode p-treenode-leaf"
          >
            <div
              aria-posinset="1"
              aria-selected="false"
              class="p-treenode-content p-treenode-selectable"
              role="treeitem"
              tabindex="0"
            >
              <button
                class="p-tree-toggler p-link"
                tabindex="-1"
                type="button"
              >
                <span
                  class="p-tree-toggler-icon pi pi-fw pi-chevron-right"
                />
              </button>
              <span
                data-testid="navigator.itemsItem/12"
              >
                Item 12
              </span>
            </div>
          </li>
          <li
            class="p-treenode p-treenode-leaf"
          >
            <div
              aria-posinset="2"
              aria-selected="false"
              class="p-treenode-content p-treenode-selectable"
              role="treeitem"
              tabindex="0"
            >
              <button
                class="p-tree-toggler p-link"
                tabindex="-1"
                type="button"
              >
                <span
                  class="p-tree-toggler-icon pi pi-fw pi-chevron-right"
                />
              </button>
              <span
                data-testid="navigator.itemsItem/22"
              >
                Item 22
              </span>
            </div>
          </li>
          <li
            class="p-treenode p-treenode-leaf"
          >
            <div
              aria-posinset="3"
              aria-selected="false"
              class="p-treenode-content p-treenode-selectable"
              role="treeitem"
              tabindex="0"
            >
              <button
                class="p-tree-toggler p-link"
                tabindex="-1"
                type="button"
              >
                <span
                  class="p-tree-toggler-icon pi pi-fw pi-chevron-right"
                />
              </button>
              <span
                data-testid="navigator.itemsItem/32"
              >
                Item 32
              </span>
            </div>
          </li>
          <li
            class="p-treenode p-treenode-leaf"
          >
            <div
              aria-posinset="4"
              aria-selected="false"
              class="p-treenode-content p-treenode-selectable"
              role="treeitem"
              tabindex="0"
            >
              <button
                class="p-tree-toggler p-link"
                tabindex="-1"
                type="button"
              >
                <span
                  class="p-tree-toggler-icon pi pi-fw pi-chevron-right"
                />
              </button>
              <span
                data-testid="navigator.itemsItem/42"
              >
                Item 42
              </span>
            </div>
          </li>
        </ul>
      </li>
      <li
        class="p-treenode"
      >
        <div
          aria-expanded="true"
          aria-posinset="4"
          aria-selected="false"
          class="p-treenode-content p-treenode-selectable"
          role="treeitem"
          tabindex="0"
        >
          <button
            class="p-tree-toggler p-link"
            tabindex="-1"
            type="button"
          >
            <span
              class="p-tree-toggler-icon pi pi-fw pi-chevron-down"
            />
          </button>
          <span
            data-testid="navigator.itemsItem/3"
          >
            Item 3
          </span>
        </div>
        <ul
          class="p-treenode-children"
          role="group"
        >
          <li
            class="p-treenode p-treenode-leaf"
          >
            <div
              aria-posinset="1"
              aria-selected="false"
              class="p-treenode-content p-treenode-selectable"
              role="treeitem"
              tabindex="0"
            >
              <button
                class="p-tree-toggler p-link"
                tabindex="-1"
                type="button"
              >
                <span
                  class="p-tree-toggler-icon pi pi-fw pi-chevron-right"
                />
              </button>
              <span
                data-testid="navigator.itemsItem/13"
              >
                Item 13
              </span>
            </div>
          </li>
          <li
            class="p-treenode p-treenode-leaf"
          >
            <div
              aria-posinset="2"
              aria-selected="false"
              class="p-treenode-content p-treenode-selectable"
              role="treeitem"
              tabindex="0"
            >
              <button
                class="p-tree-toggler p-link"
                tabindex="-1"
                type="button"
              >
                <span
                  class="p-tree-toggler-icon pi pi-fw pi-chevron-right"
                />
              </button>
              <span
                data-testid="navigator.itemsItem/23"
              >
                Item 23
              </span>
            </div>
          </li>
          <li
            class="p-treenode p-treenode-leaf"
          >
            <div
              aria-posinset="3"
              aria-selected="false"
              class="p-treenode-content p-treenode-selectable"
              role="treeitem"
              tabindex="0"
            >
              <button
                class="p-tree-toggler p-link"
                tabindex="-1"
                type="button"
              >
                <span
                  class="p-tree-toggler-icon pi pi-fw pi-chevron-right"
                />
              </button>
              <span
                data-testid="navigator.itemsItem/33"
              >
                Item 33
              </span>
            </div>
          </li>
          <li
            class="p-treenode p-treenode-leaf"
          >
            <div
              aria-posinset="4"
              aria-selected="false"
              class="p-treenode-content p-treenode-selectable"
              role="treeitem"
              tabindex="0"
            >
              <button
                class="p-tree-toggler p-link"
                tabindex="-1"
                type="button"
              >
                <span
                  class="p-tree-toggler-icon pi pi-fw pi-chevron-right"
                />
              </button>
              <span
                data-testid="navigator.itemsItem/43"
              >
                Item 43
              </span>
            </div>
          </li>
        </ul>
      </li>
      <li
        class="p-treenode"
      >
        <div
          aria-expanded="true"
          aria-posinset="5"
          aria-selected="false"
          class="p-treenode-content p-treenode-selectable"
          role="treeitem"
          tabindex="0"
        >
          <button
            class="p-tree-toggler p-link"
            tabindex="-1"
            type="button"
          >
            <span
              class="p-tree-toggler-icon pi pi-fw pi-chevron-down"
            />
          </button>
          <span
            data-testid="navigator.itemsItem/4"
          >
            Item 4
          </span>
        </div>
        <ul
          class="p-treenode-children"
          role="group"
        >
          <li
            class="p-treenode p-treenode-leaf"
          >
            <div
              aria-posinset="1"
              aria-selected="false"
              class="p-treenode-content p-treenode-selectable"
              role="treeitem"
              tabindex="0"
            >
              <button
                class="p-tree-toggler p-link"
                tabindex="-1"
                type="button"
              >
                <span
                  class="p-tree-toggler-icon pi pi-fw pi-chevron-right"
                />
              </button>
              <span
                data-testid="navigator.itemsItem/14"
              >
                Item 14
              </span>
            </div>
          </li>
          <li
            class="p-treenode p-treenode-leaf"
          >
            <div
              aria-posinset="2"
              aria-selected="false"
              class="p-treenode-content p-treenode-selectable"
              role="treeitem"
              tabindex="0"
            >
              <button
                class="p-tree-toggler p-link"
                tabindex="-1"
                type="button"
              >
                <span
                  class="p-tree-toggler-icon pi pi-fw pi-chevron-right"
                />
              </button>
              <span
                data-testid="navigator.itemsItem/24"
              >
                Item 24
              </span>
            </div>
          </li>
          <li
            class="p-treenode p-treenode-leaf"
          >
            <div
              aria-posinset="3"
              aria-selected="false"
              class="p-treenode-content p-treenode-selectable"
              role="treeitem"
              tabindex="0"
            >
              <button
                class="p-tree-toggler p-link"
                tabindex="-1"
                type="button"
              >
                <span
                  class="p-tree-toggler-icon pi pi-fw pi-chevron-right"
                />
              </button>
              <span
                data-testid="navigator.itemsItem/34"
              >
                Item 34
              </span>
            </div>
          </li>
          <li
            class="p-treenode p-treenode-leaf"
          >
            <div
              aria-posinset="4"
              aria-selected="false"
              class="p-treenode-content p-treenode-selectable"
              role="treeitem"
              tabindex="0"
            >
              <button
                class="p-tree-toggler p-link"
                tabindex="-1"
                type="button"
              >
                <span
                  class="p-tree-toggler-icon pi pi-fw pi-chevron-right"
                />
              </button>
              <span
                data-testid="navigator.itemsItem/44"
              >
                Item 44
              </span>
            </div>
          </li>
        </ul>
      </li>
      <li
        class="p-treenode"
      >
        <div
          aria-expanded="true"
          aria-posinset="6"
          aria-selected="false"
          class="p-treenode-content p-treenode-selectable"
          role="treeitem"
          tabindex="0"
        >
          <button
            class="p-tree-toggler p-link"
            tabindex="-1"
            type="button"
          >
            <span
              class="p-tree-toggler-icon pi pi-fw pi-chevron-down"
            />
          </button>
          <span
            data-testid="navigator.itemsItem/5"
          >
            Item 5
          </span>
        </div>
        <ul
          class="p-treenode-children"
          role="group"
        >
          <li
            class="p-treenode p-treenode-leaf"
          >
            <div
              aria-posinset="1"
              aria-selected="false"
              class="p-treenode-content p-treenode-selectable"
              role="treeitem"
              tabindex="0"
            >
              <button
                class="p-tree-toggler p-link"
                tabindex="-1"
                type="button"
              >
                <span
                  class="p-tree-toggler-icon pi pi-fw pi-chevron-right"
                />
              </button>
              <span
                data-testid="navigator.itemsItem/15"
              >
                Item 15
              </span>
            </div>
          </li>
          <li
            class="p-treenode p-treenode-leaf"
          >
            <div
              aria-posinset="2"
              aria-selected="false"
              class="p-treenode-content p-treenode-selectable"
              role="treeitem"
              tabindex="0"
            >
              <button
                class="p-tree-toggler p-link"
                tabindex="-1"
                type="button"
              >
                <span
                  class="p-tree-toggler-icon pi pi-fw pi-chevron-right"
                />
              </button>
              <span
                data-testid="navigator.itemsItem/25"
              >
                Item 25
              </span>
            </div>
          </li>
          <li
            class="p-treenode p-treenode-leaf"
          >
            <div
              aria-posinset="3"
              aria-selected="false"
              class="p-treenode-content p-treenode-selectable"
              role="treeitem"
              tabindex="0"
            >
              <button
                class="p-tree-toggler p-link"
                tabindex="-1"
                type="button"
              >
                <span
                  class="p-tree-toggler-icon pi pi-fw pi-chevron-right"
                />
              </button>
              <span
                data-testid="navigator.itemsItem/35"
              >
                Item 35
              </span>
            </div>
          </li>
          <li
            class="p-treenode p-treenode-leaf"
          >
            <div
              aria-posinset="4"
              aria-selected="false"
              class="p-treenode-content p-treenode-selectable"
              role="treeitem"
              tabindex="0"
            >
              <button
                class="p-tree-toggler p-link"
                tabindex="-1"
                type="button"
              >
                <span
                  class="p-tree-toggler-icon pi pi-fw pi-chevron-right"
                />
              </button>
              <span
                data-testid="navigator.itemsItem/45"
              >
                Item 45
              </span>
            </div>
          </li>
        </ul>
      </li>
      <li
        class="p-treenode"
      >
        <div
          aria-expanded="true"
          aria-posinset="7"
          aria-selected="false"
          class="p-treenode-content p-treenode-selectable"
          role="treeitem"
          tabindex="0"
        >
          <button
            class="p-tree-toggler p-link"
            tabindex="-1"
            type="button"
          >
            <span
              class="p-tree-toggler-icon pi pi-fw pi-chevron-down"
            />
          </button>
          <span
            data-testid="navigator.itemsItem/6"
          >
            Item 6
          </span>
        </div>
        <ul
          class="p-treenode-children"
          role="group"
        >
          <li
            class="p-treenode p-treenode-leaf"
          >
            <div
              aria-posinset="1"
              aria-selected="false"
              class="p-treenode-content p-treenode-selectable"
              role="treeitem"
              tabindex="0"
            >
              <button
                class="p-tree-toggler p-link"
                tabindex="-1"
                type="button"
              >
                <span
                  class="p-tree-toggler-icon pi pi-fw pi-chevron-right"
                />
              </button>
              <span
                data-testid="navigator.itemsItem/16"
              >
                Item 16
              </span>
            </div>
          </li>
          <li
            class="p-treenode p-treenode-leaf"
          >
            <div
              aria-posinset="2"
              aria-selected="false"
              class="p-treenode-content p-treenode-selectable"
              role="treeitem"
              tabindex="0"
            >
              <button
                class="p-tree-toggler p-link"
                tabindex="-1"
                type="button"
              >
                <span
                  class="p-tree-toggler-icon pi pi-fw pi-chevron-right"
                />
              </button>
              <span
                data-testid="navigator.itemsItem/26"
              >
                Item 26
              </span>
            </div>
          </li>
          <li
            class="p-treenode p-treenode-leaf"
          >
            <div
              aria-posinset="3"
              aria-selected="false"
              class="p-treenode-content p-treenode-selectable"
              role="treeitem"
              tabindex="0"
            >
              <button
                class="p-tree-toggler p-link"
                tabindex="-1"
                type="button"
              >
                <span
                  class="p-tree-toggler-icon pi pi-fw pi-chevron-right"
                />
              </button>
              <span
                data-testid="navigator.itemsItem/36"
              >
                Item 36
              </span>
            </div>
          </li>
          <li
            class="p-treenode p-treenode-leaf"
          >
            <div
              aria-posinset="4"
              aria-selected="false"
              class="p-treenode-content p-treenode-selectable"
              role="treeitem"
              tabindex="0"
            >
              <button
                class="p-tree-toggler p-link"
                tabindex="-1"
                type="button"
              >
                <span
                  class="p-tree-toggler-icon pi pi-fw pi-chevron-right"
                />
              </button>
              <span
                data-testid="navigator.itemsItem/46"
              >
                Item 46
              </span>
            </div>
          </li>
        </ul>
      </li>
      <li
        class="p-treenode"
      >
        <div
          aria-expanded="true"
          aria-posinset="8"
          aria-selected="false"
          class="p-treenode-content p-treenode-selectable"
          role="treeitem"
          tabindex="0"
        >
          <button
            class="p-tree-toggler p-link"
            tabindex="-1"
            type="button"
          >
            <span
              class="p-tree-toggler-icon pi pi-fw pi-chevron-down"
            />
          </button>
          <span
            data-testid="navigator.itemsItem/7"
          >
            Item 7
          </span>
        </div>
        <ul
          class="p-treenode-children"
          role="group"
        >
          <li
            class="p-treenode p-treenode-leaf"
          >
            <div
              aria-posinset="1"
              aria-selected="false"
              class="p-treenode-content p-treenode-selectable"
              role="treeitem"
              tabindex="0"
            >
              <button
                class="p-tree-toggler p-link"
                tabindex="-1"
                type="button"
              >
                <span
                  class="p-tree-toggler-icon pi pi-fw pi-chevron-right"
                />
              </button>
              <span
                data-testid="navigator.itemsItem/17"
              >
                Item 17
              </span>
            </div>
          </li>
          <li
            class="p-treenode p-treenode-leaf"
          >
            <div
              aria-posinset="2"
              aria-selected="false"
              class="p-treenode-content p-treenode-selectable"
              role="treeitem"
              tabindex="0"
            >
              <button
                class="p-tree-toggler p-link"
                tabindex="-1"
                type="button"
              >
                <span
                  class="p-tree-toggler-icon pi pi-fw pi-chevron-right"
                />
              </button>
              <span
                data-testid="navigator.itemsItem/27"
              >
                Item 27
              </span>
            </div>
          </li>
          <li
            class="p-treenode p-treenode-leaf"
          >
            <div
              aria-posinset="3"
              aria-selected="false"
              class="p-treenode-content p-treenode-selectable"
              role="treeitem"
              tabindex="0"
            >
              <button
                class="p-tree-toggler p-link"
                tabindex="-1"
                type="button"
              >
                <span
                  class="p-tree-toggler-icon pi pi-fw pi-chevron-right"
                />
              </button>
              <span
                data-testid="navigator.itemsItem/37"
              >
                Item 37
              </span>
            </div>
          </li>
          <li
            class="p-treenode p-treenode-leaf"
          >
            <div
              aria-posinset="4"
              aria-selected="false"
              class="p-treenode-content p-treenode-selectable"
              role="treeitem"
              tabindex="0"
            >
              <button
                class="p-tree-toggler p-link"
                tabindex="-1"
                type="button"
              >
                <span
                  class="p-tree-toggler-icon pi pi-fw pi-chevron-right"
                />
              </button>
              <span
                data-testid="navigator.itemsItem/47"
              >
                Item 47
              </span>
            </div>
          </li>
        </ul>
      </li>
      <li
        class="p-treenode"
      >
        <div
          aria-expanded="true"
          aria-posinset="9"
          aria-selected="false"
          class="p-treenode-content p-treenode-selectable"
          role="treeitem"
          tabindex="0"
        >
          <button
            class="p-tree-toggler p-link"
            tabindex="-1"
            type="button"
          >
            <span
              class="p-tree-toggler-icon pi pi-fw pi-chevron-down"
            />
          </button>
          <span
            data-testid="navigator.itemsItem/8"
          >
            Item 8
          </span>
        </div>
        <ul
          class="p-treenode-children"
          role="group"
        >
          <li
            class="p-treenode p-treenode-leaf"
          >
            <div
              aria-posinset="1"
              aria-selected="false"
              class="p-treenode-content p-treenode-selectable"
              role="treeitem"
              tabindex="0"
            >
              <button
                class="p-tree-toggler p-link"
                tabindex="-1"
                type="button"
              >
                <span
                  class="p-tree-toggler-icon pi pi-fw pi-chevron-right"
                />
              </button>
              <span
                data-testid="navigator.itemsItem/18"
              >
                Item 18
              </span>
            </div>
          </li>
          <li
            class="p-treenode p-treenode-leaf"
          >
            <div
              aria-posinset="2"
              aria-selected="false"
              class="p-treenode-content p-treenode-selectable"
              role="treeitem"
              tabindex="0"
            >
              <button
                class="p-tree-toggler p-link"
                tabindex="-1"
                type="button"
              >
                <span
                  class="p-tree-toggler-icon pi pi-fw pi-chevron-right"
                />
              </button>
              <span
                data-testid="navigator.itemsItem/28"
              >
                Item 28
              </span>
            </div>
          </li>
          <li
            class="p-treenode p-treenode-leaf"
          >
            <div
              aria-posinset="3"
              aria-selected="false"
              class="p-treenode-content p-treenode-selectable"
              role="treeitem"
              tabindex="0"
            >
              <button
                class="p-tree-toggler p-link"
                tabindex="-1"
                type="button"
              >
                <span
                  class="p-tree-toggler-icon pi pi-fw pi-chevron-right"
                />
              </button>
              <span
                data-testid="navigator.itemsItem/38"
              >
                Item 38
              </span>
            </div>
          </li>
          <li
            class="p-treenode p-treenode-leaf"
          >
            <div
              aria-posinset="4"
              aria-selected="false"
              class="p-treenode-content p-treenode-selectable"
              role="treeitem"
              tabindex="0"
            >
              <button
                class="p-tree-toggler p-link"
                tabindex="-1"
                type="button"
              >
                <span
                  class="p-tree-toggler-icon pi pi-fw pi-chevron-right"
                />
              </button>
              <span
                data-testid="navigator.itemsItem/48"
              >
                Item 48
              </span>
            </div>
          </li>
        </ul>
      </li>
      <li
        class="p-treenode"
      >
        <div
          aria-expanded="true"
          aria-posinset="10"
          aria-selected="false"
          class="p-treenode-content p-treenode-selectable"
          role="treeitem"
          tabindex="0"
        >
          <button
            class="p-tree-toggler p-link"
            tabindex="-1"
            type="button"
          >
            <span
              class="p-tree-toggler-icon pi pi-fw pi-chevron-down"
            />
          </button>
          <span
            data-testid="navigator.itemsItem/9"
          >
            Item 9
          </span>
        </div>
        <ul
          class="p-treenode-children"
          role="group"
        >
          <li
            class="p-treenode p-treenode-leaf"
          >
            <div
              aria-posinset="1"
              aria-selected="false"
              class="p-treenode-content p-treenode-selectable"
              role="treeitem"
              tabindex="0"
            >
              <button
                class="p-tree-toggler p-link"
                tabindex="-1"
                type="button"
              >
                <span
                  class="p-tree-toggler-icon pi pi-fw pi-chevron-right"
                />
              </button>
              <span
                data-testid="navigator.itemsItem/19"
              >
                Item 19
              </span>
            </div>
          </li>
          <li
            class="p-treenode p-treenode-leaf"
          >
            <div
              aria-posinset="2"
              aria-selected="false"
              class="p-treenode-content p-treenode-selectable"
              role="treeitem"
              tabindex="0"
            >
              <button
                class="p-tree-toggler p-link"
                tabindex="-1"
                type="button"
              >
                <span
                  class="p-tree-toggler-icon pi pi-fw pi-chevron-right"
                />
              </button>
              <span
                data-testid="navigator.itemsItem/29"
              >
                Item 29
              </span>
            </div>
          </li>
          <li
            class="p-treenode p-treenode-leaf"
          >
            <div
              aria-posinset="3"
              aria-selected="false"
              class="p-treenode-content p-treenode-selectable"
              role="treeitem"
              tabindex="0"
            >
              <button
                class="p-tree-toggler p-link"
                tabindex="-1"
                type="button"
              >
                <span
                  class="p-tree-toggler-icon pi pi-fw pi-chevron-right"
                />
              </button>
              <span
                data-testid="navigator.itemsItem/39"
              >
                Item 39
              </span>
            </div>
          </li>
          <li
            class="p-treenode p-treenode-leaf"
          >
            <div
              aria-posinset="4"
              aria-selected="false"
              class="p-treenode-content p-treenode-selectable"
              role="treeitem"
              tabindex="0"
            >
              <button
                class="p-tree-toggler p-link"
                tabindex="-1"
                type="button"
              >
                <span
                  class="p-tree-toggler-icon pi pi-fw pi-chevron-right"
                />
              </button>
              <span
                data-testid="navigator.itemsItem/49"
              >
                Item 49
              </span>
            </div>
          </li>
        </ul>
      </li>
    </ul>
    <div
      class="p-tree-footer"
    />
  </div>
</div>
`;
