// Jest Snapshot v1, https://goo.gl/fbAQLP

exports[`<Navigator /> render equals snapshot 1`] = `
<div
  data-testid="ut-front-test"
>
  <div
    class="p-tree p-component Navigator-component-1 p-tree-selectable"
    style="border: 0px; padding: 0px;"
  >
    <div
      class="p-tree-header"
    />
    <ul
      class="p-tree-container"
      role="tree"
    >
      <li
        class="p-treenode"
      >
        <div
          aria-expanded="true"
          aria-posinset="1"
          aria-selected="false"
          class="p-treenode-content p-treenode-selectable"
          role="treeitem"
          tabindex="0"
        >
          <button
            class="p-tree-toggler p-link"
            tabindex="-1"
            type="button"
          >
            <span
              class="p-tree-toggler-icon pi pi-fw pi-chevron-down"
            />
          </button>
          <span
            class="p-treenode-label"
          >
            <span>
              Item 0
            </span>
          </span>
        </div>
        <ul
          class="p-treenode-children"
          role="group"
        >
          <li
            class="p-treenode p-treenode-leaf"
          >
            <div
              aria-expanded="false"
              aria-posinset="1"
              aria-selected="false"
              class="p-treenode-content p-treenode-selectable"
              role="treeitem"
              tabindex="0"
            >
              <button
                class="p-tree-toggler p-link"
                tabindex="-1"
                type="button"
              >
                <span
                  class="p-tree-toggler-icon pi pi-fw pi-chevron-right"
                />
              </button>
              <span
                class="p-treenode-label"
              >
                <span>
                  Item 10
                </span>
              </span>
            </div>
          </li>
          <li
            class="p-treenode p-treenode-leaf"
          >
            <div
              aria-expanded="false"
              aria-posinset="2"
              aria-selected="false"
              class="p-treenode-content p-treenode-selectable"
              role="treeitem"
              tabindex="0"
            >
              <button
                class="p-tree-toggler p-link"
                tabindex="-1"
                type="button"
              >
                <span
                  class="p-tree-toggler-icon pi pi-fw pi-chevron-right"
                />
              </button>
              <span
                class="p-treenode-label"
              >
                <span>
                  Item 20
                </span>
              </span>
            </div>
          </li>
          <li
            class="p-treenode p-treenode-leaf"
          >
            <div
              aria-expanded="false"
              aria-posinset="3"
              aria-selected="false"
              class="p-treenode-content p-treenode-selectable"
              role="treeitem"
              tabindex="0"
            >
              <button
                class="p-tree-toggler p-link"
                tabindex="-1"
                type="button"
              >
                <span
                  class="p-tree-toggler-icon pi pi-fw pi-chevron-right"
                />
              </button>
              <span
                class="p-treenode-label"
              >
                <span>
                  Item 30
                </span>
              </span>
            </div>
          </li>
          <li
            class="p-treenode p-treenode-leaf"
          >
            <div
              aria-expanded="false"
              aria-posinset="4"
              aria-selected="false"
              class="p-treenode-content p-treenode-selectable"
              role="treeitem"
              tabindex="0"
            >
              <button
                class="p-tree-toggler p-link"
                tabindex="-1"
                type="button"
              >
                <span
                  class="p-tree-toggler-icon pi pi-fw pi-chevron-right"
                />
              </button>
              <span
                class="p-treenode-label"
              >
                <span>
                  Item 40
                </span>
              </span>
            </div>
          </li>
        </ul>
      </li>
      <li
        class="p-treenode"
      >
        <div
          aria-expanded="true"
          aria-posinset="2"
          aria-selected="false"
          class="p-treenode-content p-treenode-selectable"
          role="treeitem"
          tabindex="0"
        >
          <button
            class="p-tree-toggler p-link"
            tabindex="-1"
            type="button"
          >
            <span
              class="p-tree-toggler-icon pi pi-fw pi-chevron-down"
            />
          </button>
          <span
            class="p-treenode-label"
          >
            <span>
              Item 1
            </span>
          </span>
        </div>
        <ul
          class="p-treenode-children"
          role="group"
        >
          <li
            class="p-treenode p-treenode-leaf"
          >
            <div
              aria-expanded="false"
              aria-posinset="1"
              aria-selected="false"
              class="p-treenode-content p-treenode-selectable"
              role="treeitem"
              tabindex="0"
            >
              <button
                class="p-tree-toggler p-link"
                tabindex="-1"
                type="button"
              >
                <span
                  class="p-tree-toggler-icon pi pi-fw pi-chevron-right"
                />
              </button>
              <span
                class="p-treenode-label"
              >
                <span>
                  Item 11
                </span>
              </span>
            </div>
          </li>
          <li
            class="p-treenode p-treenode-leaf"
          >
            <div
              aria-expanded="false"
              aria-posinset="2"
              aria-selected="false"
              class="p-treenode-content p-treenode-selectable"
              role="treeitem"
              tabindex="0"
            >
              <button
                class="p-tree-toggler p-link"
                tabindex="-1"
                type="button"
              >
                <span
                  class="p-tree-toggler-icon pi pi-fw pi-chevron-right"
                />
              </button>
              <span
                class="p-treenode-label"
              >
                <span>
                  Item 21
                </span>
              </span>
            </div>
          </li>
          <li
            class="p-treenode p-treenode-leaf"
          >
            <div
              aria-expanded="false"
              aria-posinset="3"
              aria-selected="false"
              class="p-treenode-content p-treenode-selectable"
              role="treeitem"
              tabindex="0"
            >
              <button
                class="p-tree-toggler p-link"
                tabindex="-1"
                type="button"
              >
                <span
                  class="p-tree-toggler-icon pi pi-fw pi-chevron-right"
                />
              </button>
              <span
                class="p-treenode-label"
              >
                <span>
                  Item 31
                </span>
              </span>
            </div>
          </li>
          <li
            class="p-treenode p-treenode-leaf"
          >
            <div
              aria-expanded="false"
              aria-posinset="4"
              aria-selected="false"
              class="p-treenode-content p-treenode-selectable"
              role="treeitem"
              tabindex="0"
            >
              <button
                class="p-tree-toggler p-link"
                tabindex="-1"
                type="button"
              >
                <span
                  class="p-tree-toggler-icon pi pi-fw pi-chevron-right"
                />
              </button>
              <span
                class="p-treenode-label"
              >
                <span>
                  Item 41
                </span>
              </span>
            </div>
          </li>
        </ul>
      </li>
      <li
        class="p-treenode"
      >
        <div
          aria-expanded="true"
          aria-posinset="3"
          aria-selected="false"
          class="p-treenode-content p-treenode-selectable"
          role="treeitem"
          tabindex="0"
        >
          <button
            class="p-tree-toggler p-link"
            tabindex="-1"
            type="button"
          >
            <span
              class="p-tree-toggler-icon pi pi-fw pi-chevron-down"
            />
          </button>
          <span
            class="p-treenode-label"
          >
            <span>
              Item 2
            </span>
          </span>
        </div>
        <ul
          class="p-treenode-children"
          role="group"
        >
          <li
            class="p-treenode p-treenode-leaf"
          >
            <div
              aria-expanded="false"
              aria-posinset="1"
              aria-selected="false"
              class="p-treenode-content p-treenode-selectable"
              role="treeitem"
              tabindex="0"
            >
              <button
                class="p-tree-toggler p-link"
                tabindex="-1"
                type="button"
              >
                <span
                  class="p-tree-toggler-icon pi pi-fw pi-chevron-right"
                />
              </button>
              <span
                class="p-treenode-label"
              >
                <span>
                  Item 12
                </span>
              </span>
            </div>
          </li>
          <li
            class="p-treenode p-treenode-leaf"
          >
            <div
              aria-expanded="false"
              aria-posinset="2"
              aria-selected="false"
              class="p-treenode-content p-treenode-selectable"
              role="treeitem"
              tabindex="0"
            >
              <button
                class="p-tree-toggler p-link"
                tabindex="-1"
                type="button"
              >
                <span
                  class="p-tree-toggler-icon pi pi-fw pi-chevron-right"
                />
              </button>
              <span
                class="p-treenode-label"
              >
                <span>
                  Item 22
                </span>
              </span>
            </div>
          </li>
          <li
            class="p-treenode p-treenode-leaf"
          >
            <div
              aria-expanded="false"
              aria-posinset="3"
              aria-selected="false"
              class="p-treenode-content p-treenode-selectable"
              role="treeitem"
              tabindex="0"
            >
              <button
                class="p-tree-toggler p-link"
                tabindex="-1"
                type="button"
              >
                <span
                  class="p-tree-toggler-icon pi pi-fw pi-chevron-right"
                />
              </button>
              <span
                class="p-treenode-label"
              >
                <span>
                  Item 32
                </span>
              </span>
            </div>
          </li>
          <li
            class="p-treenode p-treenode-leaf"
          >
            <div
              aria-expanded="false"
              aria-posinset="4"
              aria-selected="false"
              class="p-treenode-content p-treenode-selectable"
              role="treeitem"
              tabindex="0"
            >
              <button
                class="p-tree-toggler p-link"
                tabindex="-1"
                type="button"
              >
                <span
                  class="p-tree-toggler-icon pi pi-fw pi-chevron-right"
                />
              </button>
              <span
                class="p-treenode-label"
              >
                <span>
                  Item 42
                </span>
              </span>
            </div>
          </li>
        </ul>
      </li>
      <li
        class="p-treenode"
      >
        <div
          aria-expanded="true"
          aria-posinset="4"
          aria-selected="false"
          class="p-treenode-content p-treenode-selectable"
          role="treeitem"
          tabindex="0"
        >
          <button
            class="p-tree-toggler p-link"
            tabindex="-1"
            type="button"
          >
            <span
              class="p-tree-toggler-icon pi pi-fw pi-chevron-down"
            />
          </button>
          <span
            class="p-treenode-label"
          >
            <span>
              Item 3
            </span>
          </span>
        </div>
        <ul
          class="p-treenode-children"
          role="group"
        >
          <li
            class="p-treenode p-treenode-leaf"
          >
            <div
              aria-expanded="false"
              aria-posinset="1"
              aria-selected="false"
              class="p-treenode-content p-treenode-selectable"
              role="treeitem"
              tabindex="0"
            >
              <button
                class="p-tree-toggler p-link"
                tabindex="-1"
                type="button"
              >
                <span
                  class="p-tree-toggler-icon pi pi-fw pi-chevron-right"
                />
              </button>
              <span
                class="p-treenode-label"
              >
                <span>
                  Item 13
                </span>
              </span>
            </div>
          </li>
          <li
            class="p-treenode p-treenode-leaf"
          >
            <div
              aria-expanded="false"
              aria-posinset="2"
              aria-selected="false"
              class="p-treenode-content p-treenode-selectable"
              role="treeitem"
              tabindex="0"
            >
              <button
                class="p-tree-toggler p-link"
                tabindex="-1"
                type="button"
              >
                <span
                  class="p-tree-toggler-icon pi pi-fw pi-chevron-right"
                />
              </button>
              <span
                class="p-treenode-label"
              >
                <span>
                  Item 23
                </span>
              </span>
            </div>
          </li>
          <li
            class="p-treenode p-treenode-leaf"
          >
            <div
              aria-expanded="false"
              aria-posinset="3"
              aria-selected="false"
              class="p-treenode-content p-treenode-selectable"
              role="treeitem"
              tabindex="0"
            >
              <button
                class="p-tree-toggler p-link"
                tabindex="-1"
                type="button"
              >
                <span
                  class="p-tree-toggler-icon pi pi-fw pi-chevron-right"
                />
              </button>
              <span
                class="p-treenode-label"
              >
                <span>
                  Item 33
                </span>
              </span>
            </div>
          </li>
          <li
            class="p-treenode p-treenode-leaf"
          >
            <div
              aria-expanded="false"
              aria-posinset="4"
              aria-selected="false"
              class="p-treenode-content p-treenode-selectable"
              role="treeitem"
              tabindex="0"
            >
              <button
                class="p-tree-toggler p-link"
                tabindex="-1"
                type="button"
              >
                <span
                  class="p-tree-toggler-icon pi pi-fw pi-chevron-right"
                />
              </button>
              <span
                class="p-treenode-label"
              >
                <span>
                  Item 43
                </span>
              </span>
            </div>
          </li>
        </ul>
      </li>
      <li
        class="p-treenode"
      >
        <div
          aria-expanded="true"
          aria-posinset="5"
          aria-selected="false"
          class="p-treenode-content p-treenode-selectable"
          role="treeitem"
          tabindex="0"
        >
          <button
            class="p-tree-toggler p-link"
            tabindex="-1"
            type="button"
          >
            <span
              class="p-tree-toggler-icon pi pi-fw pi-chevron-down"
            />
          </button>
          <span
            class="p-treenode-label"
          >
            <span>
              Item 4
            </span>
          </span>
        </div>
        <ul
          class="p-treenode-children"
          role="group"
        >
          <li
            class="p-treenode p-treenode-leaf"
          >
            <div
              aria-expanded="false"
              aria-posinset="1"
              aria-selected="false"
              class="p-treenode-content p-treenode-selectable"
              role="treeitem"
              tabindex="0"
            >
              <button
                class="p-tree-toggler p-link"
                tabindex="-1"
                type="button"
              >
                <span
                  class="p-tree-toggler-icon pi pi-fw pi-chevron-right"
                />
              </button>
              <span
                class="p-treenode-label"
              >
                <span>
                  Item 14
                </span>
              </span>
            </div>
          </li>
          <li
            class="p-treenode p-treenode-leaf"
          >
            <div
              aria-expanded="false"
              aria-posinset="2"
              aria-selected="false"
              class="p-treenode-content p-treenode-selectable"
              role="treeitem"
              tabindex="0"
            >
              <button
                class="p-tree-toggler p-link"
                tabindex="-1"
                type="button"
              >
                <span
                  class="p-tree-toggler-icon pi pi-fw pi-chevron-right"
                />
              </button>
              <span
                class="p-treenode-label"
              >
                <span>
                  Item 24
                </span>
              </span>
            </div>
          </li>
          <li
            class="p-treenode p-treenode-leaf"
          >
            <div
              aria-expanded="false"
              aria-posinset="3"
              aria-selected="false"
              class="p-treenode-content p-treenode-selectable"
              role="treeitem"
              tabindex="0"
            >
              <button
                class="p-tree-toggler p-link"
                tabindex="-1"
                type="button"
              >
                <span
                  class="p-tree-toggler-icon pi pi-fw pi-chevron-right"
                />
              </button>
              <span
                class="p-treenode-label"
              >
                <span>
                  Item 34
                </span>
              </span>
            </div>
          </li>
          <li
            class="p-treenode p-treenode-leaf"
          >
            <div
              aria-expanded="false"
              aria-posinset="4"
              aria-selected="false"
              class="p-treenode-content p-treenode-selectable"
              role="treeitem"
              tabindex="0"
            >
              <button
                class="p-tree-toggler p-link"
                tabindex="-1"
                type="button"
              >
                <span
                  class="p-tree-toggler-icon pi pi-fw pi-chevron-right"
                />
              </button>
              <span
                class="p-treenode-label"
              >
                <span>
                  Item 44
                </span>
              </span>
            </div>
          </li>
        </ul>
      </li>
      <li
        class="p-treenode"
      >
        <div
          aria-expanded="true"
          aria-posinset="6"
          aria-selected="false"
          class="p-treenode-content p-treenode-selectable"
          role="treeitem"
          tabindex="0"
        >
          <button
            class="p-tree-toggler p-link"
            tabindex="-1"
            type="button"
          >
            <span
              class="p-tree-toggler-icon pi pi-fw pi-chevron-down"
            />
          </button>
          <span
            class="p-treenode-label"
          >
            <span>
              Item 5
            </span>
          </span>
        </div>
        <ul
          class="p-treenode-children"
          role="group"
        >
          <li
            class="p-treenode p-treenode-leaf"
          >
            <div
              aria-expanded="false"
              aria-posinset="1"
              aria-selected="false"
              class="p-treenode-content p-treenode-selectable"
              role="treeitem"
              tabindex="0"
            >
              <button
                class="p-tree-toggler p-link"
                tabindex="-1"
                type="button"
              >
                <span
                  class="p-tree-toggler-icon pi pi-fw pi-chevron-right"
                />
              </button>
              <span
                class="p-treenode-label"
              >
                <span>
                  Item 15
                </span>
              </span>
            </div>
          </li>
          <li
            class="p-treenode p-treenode-leaf"
          >
            <div
              aria-expanded="false"
              aria-posinset="2"
              aria-selected="false"
              class="p-treenode-content p-treenode-selectable"
              role="treeitem"
              tabindex="0"
            >
              <button
                class="p-tree-toggler p-link"
                tabindex="-1"
                type="button"
              >
                <span
                  class="p-tree-toggler-icon pi pi-fw pi-chevron-right"
                />
              </button>
              <span
                class="p-treenode-label"
              >
                <span>
                  Item 25
                </span>
              </span>
            </div>
          </li>
          <li
            class="p-treenode p-treenode-leaf"
          >
            <div
              aria-expanded="false"
              aria-posinset="3"
              aria-selected="false"
              class="p-treenode-content p-treenode-selectable"
              role="treeitem"
              tabindex="0"
            >
              <button
                class="p-tree-toggler p-link"
                tabindex="-1"
                type="button"
              >
                <span
                  class="p-tree-toggler-icon pi pi-fw pi-chevron-right"
                />
              </button>
              <span
                class="p-treenode-label"
              >
                <span>
                  Item 35
                </span>
              </span>
            </div>
          </li>
          <li
            class="p-treenode p-treenode-leaf"
          >
            <div
              aria-expanded="false"
              aria-posinset="4"
              aria-selected="false"
              class="p-treenode-content p-treenode-selectable"
              role="treeitem"
              tabindex="0"
            >
              <button
                class="p-tree-toggler p-link"
                tabindex="-1"
                type="button"
              >
                <span
                  class="p-tree-toggler-icon pi pi-fw pi-chevron-right"
                />
              </button>
              <span
                class="p-treenode-label"
              >
                <span>
                  Item 45
                </span>
              </span>
            </div>
          </li>
        </ul>
      </li>
      <li
        class="p-treenode"
      >
        <div
          aria-expanded="true"
          aria-posinset="7"
          aria-selected="false"
          class="p-treenode-content p-treenode-selectable"
          role="treeitem"
          tabindex="0"
        >
          <button
            class="p-tree-toggler p-link"
            tabindex="-1"
            type="button"
          >
            <span
              class="p-tree-toggler-icon pi pi-fw pi-chevron-down"
            />
          </button>
          <span
            class="p-treenode-label"
          >
            <span>
              Item 6
            </span>
          </span>
        </div>
        <ul
          class="p-treenode-children"
          role="group"
        >
          <li
            class="p-treenode p-treenode-leaf"
          >
            <div
              aria-expanded="false"
              aria-posinset="1"
              aria-selected="false"
              class="p-treenode-content p-treenode-selectable"
              role="treeitem"
              tabindex="0"
            >
              <button
                class="p-tree-toggler p-link"
                tabindex="-1"
                type="button"
              >
                <span
                  class="p-tree-toggler-icon pi pi-fw pi-chevron-right"
                />
              </button>
              <span
                class="p-treenode-label"
              >
                <span>
                  Item 16
                </span>
              </span>
            </div>
          </li>
          <li
            class="p-treenode p-treenode-leaf"
          >
            <div
              aria-expanded="false"
              aria-posinset="2"
              aria-selected="false"
              class="p-treenode-content p-treenode-selectable"
              role="treeitem"
              tabindex="0"
            >
              <button
                class="p-tree-toggler p-link"
                tabindex="-1"
                type="button"
              >
                <span
                  class="p-tree-toggler-icon pi pi-fw pi-chevron-right"
                />
              </button>
              <span
                class="p-treenode-label"
              >
                <span>
                  Item 26
                </span>
              </span>
            </div>
          </li>
          <li
            class="p-treenode p-treenode-leaf"
          >
            <div
              aria-expanded="false"
              aria-posinset="3"
              aria-selected="false"
              class="p-treenode-content p-treenode-selectable"
              role="treeitem"
              tabindex="0"
            >
              <button
                class="p-tree-toggler p-link"
                tabindex="-1"
                type="button"
              >
                <span
                  class="p-tree-toggler-icon pi pi-fw pi-chevron-right"
                />
              </button>
              <span
                class="p-treenode-label"
              >
                <span>
                  Item 36
                </span>
              </span>
            </div>
          </li>
          <li
            class="p-treenode p-treenode-leaf"
          >
            <div
              aria-expanded="false"
              aria-posinset="4"
              aria-selected="false"
              class="p-treenode-content p-treenode-selectable"
              role="treeitem"
              tabindex="0"
            >
              <button
                class="p-tree-toggler p-link"
                tabindex="-1"
                type="button"
              >
                <span
                  class="p-tree-toggler-icon pi pi-fw pi-chevron-right"
                />
              </button>
              <span
                class="p-treenode-label"
              >
                <span>
                  Item 46
                </span>
              </span>
            </div>
          </li>
        </ul>
      </li>
      <li
        class="p-treenode"
      >
        <div
          aria-expanded="true"
          aria-posinset="8"
          aria-selected="false"
          class="p-treenode-content p-treenode-selectable"
          role="treeitem"
          tabindex="0"
        >
          <button
            class="p-tree-toggler p-link"
            tabindex="-1"
            type="button"
          >
            <span
              class="p-tree-toggler-icon pi pi-fw pi-chevron-down"
            />
          </button>
          <span
            class="p-treenode-label"
          >
            <span>
              Item 7
            </span>
          </span>
        </div>
        <ul
          class="p-treenode-children"
          role="group"
        >
          <li
            class="p-treenode p-treenode-leaf"
          >
            <div
              aria-expanded="false"
              aria-posinset="1"
              aria-selected="false"
              class="p-treenode-content p-treenode-selectable"
              role="treeitem"
              tabindex="0"
            >
              <button
                class="p-tree-toggler p-link"
                tabindex="-1"
                type="button"
              >
                <span
                  class="p-tree-toggler-icon pi pi-fw pi-chevron-right"
                />
              </button>
              <span
                class="p-treenode-label"
              >
                <span>
                  Item 17
                </span>
              </span>
            </div>
          </li>
          <li
            class="p-treenode p-treenode-leaf"
          >
            <div
              aria-expanded="false"
              aria-posinset="2"
              aria-selected="false"
              class="p-treenode-content p-treenode-selectable"
              role="treeitem"
              tabindex="0"
            >
              <button
                class="p-tree-toggler p-link"
                tabindex="-1"
                type="button"
              >
                <span
                  class="p-tree-toggler-icon pi pi-fw pi-chevron-right"
                />
              </button>
              <span
                class="p-treenode-label"
              >
                <span>
                  Item 27
                </span>
              </span>
            </div>
          </li>
          <li
            class="p-treenode p-treenode-leaf"
          >
            <div
              aria-expanded="false"
              aria-posinset="3"
              aria-selected="false"
              class="p-treenode-content p-treenode-selectable"
              role="treeitem"
              tabindex="0"
            >
              <button
                class="p-tree-toggler p-link"
                tabindex="-1"
                type="button"
              >
                <span
                  class="p-tree-toggler-icon pi pi-fw pi-chevron-right"
                />
              </button>
              <span
                class="p-treenode-label"
              >
                <span>
                  Item 37
                </span>
              </span>
            </div>
          </li>
          <li
            class="p-treenode p-treenode-leaf"
          >
            <div
              aria-expanded="false"
              aria-posinset="4"
              aria-selected="false"
              class="p-treenode-content p-treenode-selectable"
              role="treeitem"
              tabindex="0"
            >
              <button
                class="p-tree-toggler p-link"
                tabindex="-1"
                type="button"
              >
                <span
                  class="p-tree-toggler-icon pi pi-fw pi-chevron-right"
                />
              </button>
              <span
                class="p-treenode-label"
              >
                <span>
                  Item 47
                </span>
              </span>
            </div>
          </li>
        </ul>
      </li>
      <li
        class="p-treenode"
      >
        <div
          aria-expanded="true"
          aria-posinset="9"
          aria-selected="false"
          class="p-treenode-content p-treenode-selectable"
          role="treeitem"
          tabindex="0"
        >
          <button
            class="p-tree-toggler p-link"
            tabindex="-1"
            type="button"
          >
            <span
              class="p-tree-toggler-icon pi pi-fw pi-chevron-down"
            />
          </button>
          <span
            class="p-treenode-label"
          >
            <span>
              Item 8
            </span>
          </span>
        </div>
        <ul
          class="p-treenode-children"
          role="group"
        >
          <li
            class="p-treenode p-treenode-leaf"
          >
            <div
              aria-expanded="false"
              aria-posinset="1"
              aria-selected="false"
              class="p-treenode-content p-treenode-selectable"
              role="treeitem"
              tabindex="0"
            >
              <button
                class="p-tree-toggler p-link"
                tabindex="-1"
                type="button"
              >
                <span
                  class="p-tree-toggler-icon pi pi-fw pi-chevron-right"
                />
              </button>
              <span
                class="p-treenode-label"
              >
                <span>
                  Item 18
                </span>
              </span>
            </div>
          </li>
          <li
            class="p-treenode p-treenode-leaf"
          >
            <div
              aria-expanded="false"
              aria-posinset="2"
              aria-selected="false"
              class="p-treenode-content p-treenode-selectable"
              role="treeitem"
              tabindex="0"
            >
              <button
                class="p-tree-toggler p-link"
                tabindex="-1"
                type="button"
              >
                <span
                  class="p-tree-toggler-icon pi pi-fw pi-chevron-right"
                />
              </button>
              <span
                class="p-treenode-label"
              >
                <span>
                  Item 28
                </span>
              </span>
            </div>
          </li>
          <li
            class="p-treenode p-treenode-leaf"
          >
            <div
              aria-expanded="false"
              aria-posinset="3"
              aria-selected="false"
              class="p-treenode-content p-treenode-selectable"
              role="treeitem"
              tabindex="0"
            >
              <button
                class="p-tree-toggler p-link"
                tabindex="-1"
                type="button"
              >
                <span
                  class="p-tree-toggler-icon pi pi-fw pi-chevron-right"
                />
              </button>
              <span
                class="p-treenode-label"
              >
                <span>
                  Item 38
                </span>
              </span>
            </div>
          </li>
          <li
            class="p-treenode p-treenode-leaf"
          >
            <div
              aria-expanded="false"
              aria-posinset="4"
              aria-selected="false"
              class="p-treenode-content p-treenode-selectable"
              role="treeitem"
              tabindex="0"
            >
              <button
                class="p-tree-toggler p-link"
                tabindex="-1"
                type="button"
              >
                <span
                  class="p-tree-toggler-icon pi pi-fw pi-chevron-right"
                />
              </button>
              <span
                class="p-treenode-label"
              >
                <span>
                  Item 48
                </span>
              </span>
            </div>
          </li>
        </ul>
      </li>
      <li
        class="p-treenode"
      >
        <div
          aria-expanded="true"
          aria-posinset="10"
          aria-selected="false"
          class="p-treenode-content p-treenode-selectable"
          role="treeitem"
          tabindex="0"
        >
          <button
            class="p-tree-toggler p-link"
            tabindex="-1"
            type="button"
          >
            <span
              class="p-tree-toggler-icon pi pi-fw pi-chevron-down"
            />
          </button>
          <span
            class="p-treenode-label"
          >
            <span>
              Item 9
            </span>
          </span>
        </div>
        <ul
          class="p-treenode-children"
          role="group"
        >
          <li
            class="p-treenode p-treenode-leaf"
          >
            <div
              aria-expanded="false"
              aria-posinset="1"
              aria-selected="false"
              class="p-treenode-content p-treenode-selectable"
              role="treeitem"
              tabindex="0"
            >
              <button
                class="p-tree-toggler p-link"
                tabindex="-1"
                type="button"
              >
                <span
                  class="p-tree-toggler-icon pi pi-fw pi-chevron-right"
                />
              </button>
              <span
                class="p-treenode-label"
              >
                <span>
                  Item 19
                </span>
              </span>
            </div>
          </li>
          <li
            class="p-treenode p-treenode-leaf"
          >
            <div
              aria-expanded="false"
              aria-posinset="2"
              aria-selected="false"
              class="p-treenode-content p-treenode-selectable"
              role="treeitem"
              tabindex="0"
            >
              <button
                class="p-tree-toggler p-link"
                tabindex="-1"
                type="button"
              >
                <span
                  class="p-tree-toggler-icon pi pi-fw pi-chevron-right"
                />
              </button>
              <span
                class="p-treenode-label"
              >
                <span>
                  Item 29
                </span>
              </span>
            </div>
          </li>
          <li
            class="p-treenode p-treenode-leaf"
          >
            <div
              aria-expanded="false"
              aria-posinset="3"
              aria-selected="false"
              class="p-treenode-content p-treenode-selectable"
              role="treeitem"
              tabindex="0"
            >
              <button
                class="p-tree-toggler p-link"
                tabindex="-1"
                type="button"
              >
                <span
                  class="p-tree-toggler-icon pi pi-fw pi-chevron-right"
                />
              </button>
              <span
                class="p-treenode-label"
              >
                <span>
                  Item 39
                </span>
              </span>
            </div>
          </li>
          <li
            class="p-treenode p-treenode-leaf"
          >
            <div
              aria-expanded="false"
              aria-posinset="4"
              aria-selected="false"
              class="p-treenode-content p-treenode-selectable"
              role="treeitem"
              tabindex="0"
            >
              <button
                class="p-tree-toggler p-link"
                tabindex="-1"
                type="button"
              >
                <span
                  class="p-tree-toggler-icon pi pi-fw pi-chevron-right"
                />
              </button>
              <span
                class="p-treenode-label"
              >
                <span>
                  Item 49
                </span>
              </span>
            </div>
          </li>
        </ul>
      </li>
    </ul>
    <div
      class="p-tree-footer"
    />
  </div>
</div>
`;
