// Jest Snapshot v1, https://goo.gl/fbAQLP

exports[`<Main /> render equals snapshot 1`] = `
<div
  data-testid="ut-front-test"
>
  <div
    class="Gate-gate-1"
  >
    <div
      class="p-card"
      style="height: 100%; border-radius: 0;"
    >
      <div
        class="flex flex-column"
        style="height: 768px;"
      >
        <div
          class="Portal-headerContainer-7"
        >
          <div
            class="flex align-items-center justify-content-center"
          >
            <div
              class="Portal-headerLogo-9"
            />
            <div
              class="Portal-headerTitle-8"
            >
              <span>
                Administration Portal
              </span>
            </div>
            <div
              class="p-menubar p-component Portal-menuGrow-11"
            >
              <a
                class="p-menubar-button"
                href="#"
                role="button"
                tabindex="0"
              >
                <i
                  class="pi pi-bars"
                />
              </a>
              <ul
                class="p-menubar-root-list"
                role="menubar"
              >
                <li
                  class="p-menuitem"
                  role="none"
                >
                  <a
                    aria-haspopup="false"
                    class="p-menuitem-link"
                    href="#"
                    role="menuitem"
                  >
                    <span
                      class="p-menuitem-text"
                    >
                       🏠 
                    </span>
                  </a>
                </li>
                <li
                  class="p-menuitem"
                  role="none"
                >
                  <a
                    aria-haspopup="true"
                    class="p-menuitem-link"
                    href="#"
                    role="menuitem"
                  >
                    <span
                      class="p-menuitem-text"
                    >
                      Main
                    </span>
                    <span
                      class="p-submenu-icon pi pi-angle-down"
                    />
                  </a>
                  <ul
                    class="p-submenu-list"
                    role="menu"
                  >
                    <li
                      class="p-menuitem"
                      role="none"
                    >
                      <a
                        aria-haspopup="false"
                        class="p-menuitem-link"
                        href="#"
                        role="menuitem"
                      >
                        <span
                          class="p-menuitem-text"
                        >
                          Page 1
                        </span>
                      </a>
                    </li>
                    <li
                      class="p-menuitem"
                      role="none"
                    >
                      <a
                        aria-haspopup="false"
                        class="p-menuitem-link"
                        href="#"
                        role="menuitem"
                      >
                        <span
                          class="p-menuitem-text"
                        >
                          Page 2
                        </span>
                      </a>
                    </li>
                  </ul>
                </li>
                <li
                  class="p-menuitem"
                  role="none"
                >
                  <a
                    aria-haspopup="false"
                    class="p-menuitem-link"
                    href="#"
                    role="menuitem"
                  >
                    <span
                      class="p-menuitem-text"
                    >
                      Page 3
                    </span>
                  </a>
                </li>
                <li
                  class="p-menuitem"
                  role="none"
                >
                  <a
                    aria-haspopup="false"
                    class="p-menuitem-link"
                    href="#"
                    role="menuitem"
                  >
                    <span
                      class="p-menuitem-text"
                    >
                      Granted
                    </span>
                  </a>
                </li>
              </ul>
            </div>
            <div
              class="p-menubar p-component Portal-menu-12"
            >
              <a
                class="p-menubar-button"
                href="#"
                role="button"
                tabindex="0"
              >
                <i
                  class="pi pi-bars"
                />
              </a>
              <ul
                class="p-menubar-root-list"
                role="menubar"
              >
                <li
                  class="p-menuitem"
                  role="none"
                >
                  <a
                    aria-haspopup="true"
                    class="p-menuitem-link"
                    href="#"
                    role="menuitem"
                  >
                    <span
                      class="p-menuitem-icon user"
                    />
                    <span
                      class="p-menuitem-text"
                    >
                      SA
                    </span>
                    <span
                      class="p-submenu-icon pi pi-angle-down"
                    />
                  </a>
                  <ul
                    class="p-submenu-list"
                    role="menu"
                  >
                    <li
                      class="p-menuitem"
                      role="none"
                    >
                      <a
                        aria-haspopup="false"
                        class="p-menuitem-link"
                        href="#"
                        role="menuitem"
                      >
                        <span
                          class="p-menuitem-text"
                        >
                          Help
                        </span>
                      </a>
                    </li>
                    <li
                      class="p-menuitem"
                      role="none"
                    >
                      <a
                        aria-haspopup="false"
                        class="p-menuitem-link"
                        href="#"
                        role="menuitem"
                      >
                        <span
                          class="p-menuitem-text"
                        >
                          Profile
                        </span>
                      </a>
                    </li>
                    <li
                      class="p-menuitem"
                      role="none"
                    >
                      <a
                        aria-haspopup="false"
                        class="p-menuitem-link"
                        href="#"
                        role="menuitem"
                      >
                        <span
                          class="p-menuitem-text"
                        >
                          Logout
                        </span>
                      </a>
                    </li>
                  </ul>
                </li>
              </ul>
            </div>
          </div>
        </div>
        <div
          class="p-tabview p-component Portal-tabs-10"
        >
          <ul
            class="p-tabview-nav"
            role="tablist"
          >
            <li
              class="p-unselectable-text p-tabview-selected p-highlight"
              role="presentation"
            >
              <a
                aria-controls="pr_id_1_content_0"
                aria-selected="true"
                class="p-tabview-nav-link"
                id="pr_id_1_header_0"
                role="tab"
                tabindex="0"
              >
                <span
                  class="p-tabview-title"
                >
                  Dashboard
                    
                </span>
                <i
                  class="pi pi-times"
                />
              </a>
            </li>
            <li
              class="p-tabview-ink-bar"
              style="left: 0px;"
            />
          </ul>
          <div
            class="p-tabview-panels"
          >
            <div
              aria-hidden="false"
              aria-labelledby="pr_id_1_header_0"
              class="p-tabview-panel"
              id="pr_id_1_content_0"
              role="tabpanel"
            >
              <div>
                dashboard content
              </div>
            </div>
          </div>
        </div>
      </div>
    </div>
  </div>
</div>
`;
