// Jest Snapshot v1, https://goo.gl/fbAQLP

exports[`<Error /> interpolate equals snapshot 1`] = `
<span>
  Error dynamic param
</span>
`;

exports[`<Error /> render equals snapshot 1`] = `
<div
  aria-describedby="pr_id_2_content"
  aria-labelledby="pr_id_2_header"
  aria-modal="true"
  class="p-dialog p-component p-dialog-enter p-dialog-enter-active"
  id="pr_id_2"
  pr_id_1=""
  role="dialog"
  style="width: 30vw;"
>
  <div
    class="p-dialog-header"
  >
    <div
      class="p-dialog-title"
      id="pr_id_2_header"
    />
    <div
      class="p-dialog-header-icons"
    >
      <button
        aria-label="Close"
        class="p-dialog-header-icon p-dialog-header-close p-link"
        type="button"
      >
        <span
          class="p-dialog-header-close-icon pi pi-times"
        />
      </button>
    </div>
  </div>
  <div
    class="p-dialog-content"
    id="pr_id_2_content"
  >
    <div
      class="Error-errorIconWrap-1 Error-errorIcon-2"
    />
    <div
      class="Error-errorMessageWrap-3"
    >
      <span />
    </div>
    <div
      class="Error-errorButtonWrap-4"
    >
      <button
        class="p-button p-component"
      >
        <span
          class="p-button-label p-c"
        >
          Close
        </span>
      </button>
    </div>
  </div>
  <div
    class="p-resizable-handle"
    style="z-index: 90;"
  />
</div>
`;
